Archive member included to satisfy reference by file (symbol)

C:/ST/STM32CubeIDE_2.1.1/STM32CubeIDE/plugins/com.st.stm32cube.ide.mcu.externaltools.gnu-tools-for-stm32.14.3.rel1.win32_1.0.100.202602081740/tools/bin/../lib/gcc/arm-none-eabi/14.3.1/../../../../arm-none-eabi/lib/thumb/v7e-m+dp/hard\libc_nano.a(libc_a-exit.o)
                              C:/ST/STM32CubeIDE_2.1.1/STM32CubeIDE/plugins/com.st.stm32cube.ide.mcu.externaltools.gnu-tools-for-stm32.14.3.rel1.win32_1.0.100.202602081740/tools/bin/../lib/gcc/arm-none-eabi/14.3.1/../../../../arm-none-eabi/lib/thumb/v7e-m+dp/hard/crt0.o (exit)
C:/ST/STM32CubeIDE_2.1.1/STM32CubeIDE/plugins/com.st.stm32cube.ide.mcu.externaltools.gnu-tools-for-stm32.14.3.rel1.win32_1.0.100.202602081740/tools/bin/../lib/gcc/arm-none-eabi/14.3.1/../../../../arm-none-eabi/lib/thumb/v7e-m+dp/hard\libc_nano.a(libc_a-findfp.o)
                              C:/ST/STM32CubeIDE_2.1.1/STM32CubeIDE/plugins/com.st.stm32cube.ide.mcu.externaltools.gnu-tools-for-stm32.14.3.rel1.win32_1.0.100.202602081740/tools/bin/../lib/gcc/arm-none-eabi/14.3.1/../../../../arm-none-eabi/lib/thumb/v7e-m+dp/hard\libc_nano.a(libc_a-exit.o) (__stdio_exit_handler)
C:/ST/STM32CubeIDE_2.1.1/STM32CubeIDE/plugins/com.st.stm32cube.ide.mcu.externaltools.gnu-tools-for-stm32.14.3.rel1.win32_1.0.100.202602081740/tools/bin/../lib/gcc/arm-none-eabi/14.3.1/../../../../arm-none-eabi/lib/thumb/v7e-m+dp/hard\libc_nano.a(libc_a-fwalk.o)
                              C:/ST/STM32CubeIDE_2.1.1/STM32CubeIDE/plugins/com.st.stm32cube.ide.mcu.externaltools.gnu-tools-for-stm32.14.3.rel1.win32_1.0.100.202602081740/tools/bin/../lib/gcc/arm-none-eabi/14.3.1/../../../../arm-none-eabi/lib/thumb/v7e-m+dp/hard\libc_nano.a(libc_a-findfp.o) (_fwalk_sglue)
C:/ST/STM32CubeIDE_2.1.1/STM32CubeIDE/plugins/com.st.stm32cube.ide.mcu.externaltools.gnu-tools-for-stm32.14.3.rel1.win32_1.0.100.202602081740/tools/bin/../lib/gcc/arm-none-eabi/14.3.1/../../../../arm-none-eabi/lib/thumb/v7e-m+dp/hard\libc_nano.a(libc_a-stdio.o)
                              C:/ST/STM32CubeIDE_2.1.1/STM32CubeIDE/plugins/com.st.stm32cube.ide.mcu.externaltools.gnu-tools-for-stm32.14.3.rel1.win32_1.0.100.202602081740/tools/bin/../lib/gcc/arm-none-eabi/14.3.1/../../../../arm-none-eabi/lib/thumb/v7e-m+dp/hard\libc_nano.a(libc_a-findfp.o) (__sread)
C:/ST/STM32CubeIDE_2.1.1/STM32CubeIDE/plugins/com.st.stm32cube.ide.mcu.externaltools.gnu-tools-for-stm32.14.3.rel1.win32_1.0.100.202602081740/tools/bin/../lib/gcc/arm-none-eabi/14.3.1/../../../../arm-none-eabi/lib/thumb/v7e-m+dp/hard\libc_nano.a(libc_a-memset.o)
                              C:/ST/STM32CubeIDE_2.1.1/STM32CubeIDE/plugins/com.st.stm32cube.ide.mcu.externaltools.gnu-tools-for-stm32.14.3.rel1.win32_1.0.100.202602081740/tools/bin/../lib/gcc/arm-none-eabi/14.3.1/../../../../arm-none-eabi/lib/thumb/v7e-m+dp/hard/crt0.o (memset)
C:/ST/STM32CubeIDE_2.1.1/STM32CubeIDE/plugins/com.st.stm32cube.ide.mcu.externaltools.gnu-tools-for-stm32.14.3.rel1.win32_1.0.100.202602081740/tools/bin/../lib/gcc/arm-none-eabi/14.3.1/../../../../arm-none-eabi/lib/thumb/v7e-m+dp/hard\libc_nano.a(libc_a-closer.o)
                              C:/ST/STM32CubeIDE_2.1.1/STM32CubeIDE/plugins/com.st.stm32cube.ide.mcu.externaltools.gnu-tools-for-stm32.14.3.rel1.win32_1.0.100.202602081740/tools/bin/../lib/gcc/arm-none-eabi/14.3.1/../../../../arm-none-eabi/lib/thumb/v7e-m+dp/hard\libc_nano.a(libc_a-stdio.o) (_close_r)
C:/ST/STM32CubeIDE_2.1.1/STM32CubeIDE/plugins/com.st.stm32cube.ide.mcu.externaltools.gnu-tools-for-stm32.14.3.rel1.win32_1.0.100.202602081740/tools/bin/../lib/gcc/arm-none-eabi/14.3.1/../../../../arm-none-eabi/lib/thumb/v7e-m+dp/hard\libc_nano.a(libc_a-reent.o)
                              C:/ST/STM32CubeIDE_2.1.1/STM32CubeIDE/plugins/com.st.stm32cube.ide.mcu.externaltools.gnu-tools-for-stm32.14.3.rel1.win32_1.0.100.202602081740/tools/bin/../lib/gcc/arm-none-eabi/14.3.1/../../../../arm-none-eabi/lib/thumb/v7e-m+dp/hard\libc_nano.a(libc_a-closer.o) (errno)
C:/ST/STM32CubeIDE_2.1.1/STM32CubeIDE/plugins/com.st.stm32cube.ide.mcu.externaltools.gnu-tools-for-stm32.14.3.rel1.win32_1.0.100.202602081740/tools/bin/../lib/gcc/arm-none-eabi/14.3.1/../../../../arm-none-eabi/lib/thumb/v7e-m+dp/hard\libc_nano.a(libc_a-impure.o)
                              C:/ST/STM32CubeIDE_2.1.1/STM32CubeIDE/plugins/com.st.stm32cube.ide.mcu.externaltools.gnu-tools-for-stm32.14.3.rel1.win32_1.0.100.202602081740/tools/bin/../lib/gcc/arm-none-eabi/14.3.1/../../../../arm-none-eabi/lib/thumb/v7e-m+dp/hard\libc_nano.a(libc_a-reent.o) (_impure_ptr)
C:/ST/STM32CubeIDE_2.1.1/STM32CubeIDE/plugins/com.st.stm32cube.ide.mcu.externaltools.gnu-tools-for-stm32.14.3.rel1.win32_1.0.100.202602081740/tools/bin/../lib/gcc/arm-none-eabi/14.3.1/../../../../arm-none-eabi/lib/thumb/v7e-m+dp/hard\libc_nano.a(libc_a-lseekr.o)
[...]
Memory Configuration

Name             Origin             Length             Attributes
RAM              0x20000000         0x00080000         xrw
FLASH            0x08000000         0x00200000         xr
*default*        0x00000000         0xffffffff

Linker script and memory map

LOAD C:/ST/STM32CubeIDE_2.1.1/STM32CubeIDE/plugins/com.st.stm32cube.ide.mcu.externaltools.gnu-tools-for-stm32.14.3.rel1.win32_1.0.100.202602081740/tools/bin/../lib/gcc/arm-none-eabi/14.3.1/thumb/v7e-m+dp/hard/crti.o
LOAD C:/ST/STM32CubeIDE_2.1.1/STM32CubeIDE/plugins/com.st.stm32cube.ide.mcu.externaltools.gnu-tools-for-stm32.14.3.rel1.win32_1.0.100.202602081740/tools/bin/../lib/gcc/arm-none-eabi/14.3.1/thumb/v7e-m+dp/hard/crtbegin.o
LOAD C:/ST/STM32CubeIDE_2.1.1/STM32CubeIDE/plugins/com.st.stm32cube.ide.mcu.externaltools.gnu-tools-for-stm32.14.3.rel1.win32_1.0.100.202602081740/tools/bin/../lib/gcc/arm-none-eabi/14.3.1/../../../../arm-none-eabi/lib/thumb/v7e-m+dp/hard/crt0.o
LOAD ./Core/Src/main.o
LOAD ./Core/Src/stm32f7xx_hal_msp.o
LOAD ./Core/Src/stm32f7xx_it.o
LOAD ./Core/Src/syscalls.o
LOAD ./Core/Src/sysmem.o
LOAD ./Core/Src/system_stm32f7xx.o
LOAD ./Core/Startup/startup_stm32f767zitx.o
LOAD ./Drivers/STM32F7xx_HAL_Driver/Src/stm32f7xx_hal.o
LOAD ./Drivers/STM32F7xx_HAL_Driver/Src/stm32f7xx_hal_adc.o
LOAD ./Drivers/STM32F7xx_HAL_Driver/Src/stm32f7xx_hal_adc_ex.o
LOAD ./Drivers/STM32F7xx_HAL_Driver/Src/stm32f7xx_hal_cortex.o
LOAD ./Drivers/STM32F7xx_HAL_Driver/Src/stm32f7xx_hal_dma.o
LOAD ./Drivers/STM32F7xx_HAL_Driver/Src/stm32f7xx_hal_dma_ex.o
LOAD ./Drivers/STM32F7xx_HAL_Driver/Src/stm32f7xx_hal_exti.o
LOAD ./Drivers/STM32F7xx_HAL_Driver/Src/stm32f7xx_hal_flash.o
LOAD ./Drivers/STM32F7xx_HAL_Driver/Src/stm32f7xx_hal_flash_ex.o
LOAD ./Drivers/STM32F7xx_HAL_Driver/Src/stm32f7xx_hal_gpio.o
LOAD ./Drivers/STM32F7xx_HAL_Driver/Src/stm32f7xx_hal_i2c.o
LOAD ./Drivers/STM32F7xx_HAL_Driver/Src/stm32f7xx_hal_i2c_ex.o
LOAD ./Drivers/STM32F7xx_HAL_Driver/Src/stm32f7xx_hal_pwr.o
LOAD ./Drivers/STM32F7xx_HAL_Driver/Src/stm32f7xx_hal_pwr_ex.o
LOAD ./Drivers/STM32F7xx_HAL_Driver/Src/stm32f7xx_hal_rcc.o
LOAD ./Drivers/STM32F7xx_HAL_Driver/Src/stm32f7xx_hal_rcc_ex.o
LOAD ./Drivers/STM32F7xx_HAL_Driver/Src/stm32f7xx_hal_uart.o
LOAD ./Drivers/STM32F7xx_HAL_Driver/Src/stm32f7xx_hal_uart_ex.o
START GROUP
LOAD C:/ST/STM32CubeIDE_2.1.1/STM32CubeIDE/plugins/com.st.stm32cube.ide.mcu.externaltools.gnu-tools-for-stm32.14.3.rel1.win32_1.0.100.202602081740/tools/bin/../lib/gcc/arm-none-eabi/14.3.1/../../../../arm-none-eabi/lib/thumb/v7e-m+dp/hard\libc_nano.a
LOAD C:/ST/STM32CubeIDE_2.1.1/STM32CubeIDE/plugins/com.st.stm32cube.ide.mcu.externaltools.gnu-tools-for-stm32.14.3.rel1.win32_1.0.100.202602081740/tools/bin/../lib/gcc/arm-none-eabi/14.3.1/../../../../arm-none-eabi/lib/thumb/v7e-m+dp/hard\libm.a
END GROUP
START GROUP
LOAD C:/ST/STM32CubeIDE_2.1.1/STM32CubeIDE/plugins/com.st.stm32cube.ide.mcu.externaltools.gnu-tools-for-stm32.14.3.rel1.win32_1.0.100.202602081740/tools/bin/../lib/gcc/arm-none-eabi/14.3.1/thumb/v7e-m+dp/hard\libgcc.a
LOAD C:/ST/STM32CubeIDE_2.1.1/STM32CubeIDE/plugins/com.st.stm32cube.ide.mcu.externaltools.gnu-tools-for-stm32.14.3.rel1.win32_1.0.100.202602081740/tools/bin/../lib/gcc/arm-none-eabi/14.3.1/../../../../arm-none-eabi/lib/thumb/v7e-m+dp/hard\libc_nano.a
END GROUP
START GROUP
LOAD C:/ST/STM32CubeIDE_2.1.1/STM32CubeIDE/plugins/com.st.stm32cube.ide.mcu.externaltools.gnu-tools-for-stm32.14.3.rel1.win32_1.0.100.202602081740/tools/bin/../lib/gcc/arm-none-eabi/14.3.1/thumb/v7e-m+dp/hard\libgcc.a
LOAD C:/ST/STM32CubeIDE_2.1.1/STM32CubeIDE/plugins/com.st.stm32cube.ide.mcu.externaltools.gnu-tools-for-stm32.14.3.rel1.win32_1.0.100.202602081740/tools/bin/../lib/gcc/arm-none-eabi/14.3.1/../../../../arm-none-eabi/lib/thumb/v7e-m+dp/hard\libc_nano.a
LOAD C:/ST/STM32CubeIDE_2.1.1/STM32CubeIDE/plugins/com.st.stm32cube.ide.mcu.externaltools.gnu-tools-for-stm32.14.3.rel1.win32_1.0.100.202602081740/tools/bin/../lib/gcc/arm-none-eabi/14.3.1/../../../../arm-none-eabi/lib/thumb/v7e-m+dp/hard\libnosys.a
END GROUP
START GROUP
LOAD C:/ST/STM32CubeIDE_2.1.1/STM32CubeIDE/plugins/com.st.stm32cube.ide.mcu.externaltools.gnu-tools-for-stm32.14.3.rel1.win32_1.0.100.202602081740/tools/bin/../lib/gcc/arm-none-eabi/14.3.1/thumb/v7e-m+dp/hard\libgcc.a
LOAD C:/ST/STM32CubeIDE_2.1.1/STM32CubeIDE/plugins/com.st.stm32cube.ide.mcu.externaltools.gnu-tools-for-stm32.14.3.rel1.win32_1.0.100.202602081740/tools/bin/../lib/gcc/arm-none-eabi/14.3.1/../../../../arm-none-eabi/lib/thumb/v7e-m+dp/hard\libc_nano.a
LOAD C:/ST/STM32CubeIDE_2.1.1/STM32CubeIDE/plugins/com.st.stm32cube.ide.mcu.externaltools.gnu-tools-for-stm32.14.3.rel1.win32_1.0.100.202602081740/tools/bin/../lib/gcc/arm-none-eabi/14.3.1/../../../../arm-none-eabi/lib/thumb/v7e-m+dp/hard\libnosys.a
END GROUP
LOAD C:/ST/STM32CubeIDE_2.1.1/STM32CubeIDE/plugins/com.st.stm32cube.ide.mcu.externaltools.gnu-tools-for-stm32.14.3.rel1.win32_1.0.100.202602081740/tools/bin/../lib/gcc/arm-none-eabi/14.3.1/thumb/v7e-m+dp/hard/crtend.o
LOAD C:/ST/STM32CubeIDE_2.1.1/STM32CubeIDE/plugins/com.st.stm32cube.ide.mcu.externaltools.gnu-tools-for-stm32.14.3.rel1.win32_1.0.100.202602081740/tools/bin/../lib/gcc/arm-none-eabi/14.3.1/thumb/v7e-m+dp/hard/crtn.o
                0x20080000                        _estack = (ORIGIN (RAM) + LENGTH (RAM))
                0x00000200                        _Min_Heap_Size = 0x200
                0x00000400                        _Min_Stack_Size = 0x400

.isr_vector     0x08000000      0x1f8
                0x08000000                        . = ALIGN (0x4)
 *(.isr_vector)
 .isr_vector    0x08000000      0x1f8 ./Core/Startup/startup_stm32f767zitx.o
                0x08000000                g_pfnVectors
                0x080001f8                        . = ALIGN (0x4)

.text           0x080001f8     0x44a0
                0x080001f8                        . = ALIGN (0x4)
 *(.text)
 .text          0x080001f8       0x40 C:/ST/STM32CubeIDE_2.1.1/STM32CubeIDE/plugins/com.st.stm32cube.ide.mcu.externaltools.gnu-tools-for-stm32.14.3.rel1.win32_1.0.100.202602081740/tools/bin/../lib/gcc/arm-none-eabi/14.3.1/thumb/v7e-m+dp/hard/crtbegin.o
 .text          0x08000238       0x30 C:/ST/STM32CubeIDE_2.1.1/STM32CubeIDE/plugins/com.st.stm32cube.ide.mcu.externaltools.gnu-tools-for-stm32.14.3.rel1.win32_1.0.100.202602081740/tools/bin/../lib/gcc/arm-none-eabi/14.3.1/thumb/v7e-m+dp/hard\libgcc.a(_aeabi_uldivmod.o)
                0x08000238                __aeabi_uldivmod
 .text          0x08000268      0x2f8 C:/ST/STM32CubeIDE_2.1.1/STM32CubeIDE/plugins/com.st.stm32cube.ide.mcu.externaltools.gnu-tools-for-stm32.14.3.rel1.win32_1.0.100.202602081740/tools/bin/../lib/gcc/arm-none-eabi/14.3.1/thumb/v7e-m+dp/hard\libgcc.a(_udivmoddi4.o)
                0x08000268                __udivmoddi4
 .text          0x08000560        0x4 C:/ST/STM32CubeIDE_2.1.1/STM32CubeIDE/plugins/com.st.stm32cube.ide.mcu.externaltools.gnu-tools-for-stm32.14.3.rel1.win32_1.0.100.202602081740/tools/bin/../lib/gcc/arm-none-eabi/14.3.1/thumb/v7e-m+dp/hard\libgcc.a(_dvmd_tls.o)
                0x08000560                __aeabi_idiv0
                0x08000560                __aeabi_ldiv0
 *(.text*)
 .text.tlv_crc8
                0x08000564       0x40 ./Core/Src/main.o
 .text.TLV_Send
                0x080005a4       0xb4 ./Core/Src/main.o
 .text.Button_Is_Pressed
                0x08000658       0x46 ./Core/Src/main.o
 *fill*         0x0800069e        0x2 
 .text.Test_Loop
                0x080006a0       0x90 ./Core/Src/main.o
                0x080006a0                Test_Loop
 .text.ADC_Read_Channel
                0x08000730       0x70 ./Core/Src/main.o
                0x08000730                ADC_Read_Channel
 .text.set_bit_from_pin
                0x080007a0       0x7c ./Core/Src/main.o
 .text.debounce_check
                0x0800081c       0x2e ./Core/Src/main.o
 *fill*         0x0800084a        0x2 
 .text.onARM_Button_Press
                0x0800084c       0x38 ./Core/Src/main.o
                0x0800084c                onARM_Button_Press
 .text.onManual_Button_Press
                0x08000884       0x38 ./Core/Src/main.o
                0x08000884                onManual_Button_Press
 .text.onAuto_Button_Press
                0x080008bc       0x38 ./Core/Src/main.o
                0x080008bc                onAuto_Button_Press
 .text.onAutoLand_Button_Press
                0x080008f4       0x38 ./Core/Src/main.o
                0x080008f4                onAutoLand_Button_Press
 .text.poll_button
                0x0800092c       0x6e ./Core/Src/main.o
 *fill*         0x0800099a        0x2 
 .text.main     0x0800099c      0x2ac ./Core/Src/main.o
                0x0800099c                main
 .text.SystemClock_Config
                0x08000c48       0xdc ./Core/Src/main.o
                0x08000c48                SystemClock_Config
 .text.MX_ADC3_Init
                0x08000d24       0xf8 ./Core/Src/main.o
 .text.MX_USART2_UART_Init
                0x08000e1c       0x60 ./Core/Src/main.o
 .text.MX_GPIO_Init
                0x08000e7c      0x224 ./Core/Src/main.o
 .text.MPU_Config
                0x080010a0       0x58 ./Core/Src/main.o
 .text.Error_Handler
                0x080010f8        0xc ./Core/Src/main.o
                0x080010f8                Error_Handler
 .text.HAL_MspInit
                0x08001104       0x48 ./Core/Src/stm32f7xx_hal_msp.o
                0x08001104                HAL_MspInit
 .text.HAL_ADC_MspInit
                0x0800114c       0x80 ./Core/Src/stm32f7xx_hal_msp.o
                0x0800114c                HAL_ADC_MspInit
 .text.HAL_UART_MspInit
                0x080011cc       0xbc ./Core/Src/stm32f7xx_hal_msp.o
                0x080011cc                HAL_UART_MspInit
 .text.NMI_Handler
                0x08001288        0x8 ./Core/Src/stm32f7xx_it.o
                0x08001288                NMI_Handler
 .text.HardFault_Handler
                0x08001290        0x8 ./Core/Src/stm32f7xx_it.o
                0x08001290                HardFault_Handler
 .text.MemManage_Handler
                0x08001298        0x8 ./Core/Src/stm32f7xx_it.o
                0x08001298                MemManage_Handler
 .text.BusFault_Handler
                0x080012a0        0x8 ./Core/Src/stm32f7xx_it.o
                0x080012a0                BusFault_Handler
 .text.UsageFault_Handler
                0x080012a8        0x8 ./Core/Src/stm32f7xx_it.o
                0x080012a8                UsageFault_Handler
 .text.SVC_Handler
                0x080012b0        0xe ./Core/Src/stm32f7xx_it.o
                0x080012b0                SVC_Handler
 .text.DebugMon_Handler
                0x080012be        0xe ./Core/Src/stm32f7xx_it.o
                0x080012be                DebugMon_Handler
 .text.PendSV_Handler
                0x080012cc        0xe ./Core/Src/stm32f7xx_it.o
                0x080012cc                PendSV_Handler
 .text.SysTick_Handler
                0x080012da        0xc ./Core/Src/stm32f7xx_it.o
                0x080012da                SysTick_Handler
 .text.EXTI9_5_IRQHandler
                0x080012e6        0xe ./Core/Src/stm32f7xx_it.o
                0x080012e6                EXTI9_5_IRQHandler
 .text.EXTI15_10_IRQHandler
                0x080012f4       0x28 ./Core/Src/stm32f7xx_it.o
                0x080012f4                EXTI15_10_IRQHandler
 .text.SystemInit
                0x0800131c       0x24 ./Core/Src/system_stm32f7xx.o
                0x0800131c                SystemInit
 .text.Reset_Handler
                0x08001340       0x50 ./Core/Startup/startup_stm32f767zitx.o
                0x08001340                Reset_Handler
 .text.Default_Handler
                0x08001390        0x2 ./Core/Startup/startup_stm32f767zitx.o
                0x08001390                RTC_Alarm_IRQHandler
                0x08001390                EXTI2_IRQHandler
                0x08001390                TIM8_CC_IRQHandler
                0x08001390                UART8_IRQHandler
                0x08001390                SPI4_IRQHandler
                0x08001390                TIM1_CC_IRQHandler
                0x08001390                DMA2_Stream5_IRQHandler
                0x08001390                JPEG_IRQHandler
                0x08001390                DMA1_Stream5_IRQHandler
                0x08001390                CAN3_RX1_IRQHandler
                0x08001390                PVD_IRQHandler
                0x08001390                TAMP_STAMP_IRQHandler
                0x08001390                CAN2_RX1_IRQHandler
                0x08001390                EXTI3_IRQHandler
                0x08001390                TIM8_TRG_COM_TIM14_IRQHandler
                0x08001390                DFSDM1_FLT1_IRQHandler
                0x08001390                TIM1_UP_TIM10_IRQHandler
                0x08001390                TIM8_UP_TIM13_IRQHandler
                0x08001390                I2C3_ER_IRQHandler
                0x08001390                DFSDM1_FLT2_IRQHandler
                0x08001390                EXTI0_IRQHandler
                0x08001390                I2C2_EV_IRQHandler
                0x08001390                DMA1_Stream2_IRQHandler
                0x08001390                CAN1_RX0_IRQHandler
                0x08001390                FPU_IRQHandler
                0x08001390                OTG_HS_WKUP_IRQHandler
                0x08001390                CAN3_SCE_IRQHandler
                0x08001390                LTDC_ER_IRQHandler
                0x08001390                CAN2_SCE_IRQHandler
                0x08001390                DMA2_Stream2_IRQHandler
                0x08001390                SPI1_IRQHandler
                0x08001390                TIM6_DAC_IRQHandler
                0x08001390                TIM1_BRK_TIM9_IRQHandler
                0x08001390                DCMI_IRQHandler
                0x08001390                CAN2_RX0_IRQHandler
                0x08001390                DMA2_Stream3_IRQHandler
                0x08001390                SAI2_IRQHandler
                0x08001390                DFSDM1_FLT3_IRQHandler
                0x08001390                USART6_IRQHandler
                0x08001390                CAN3_RX0_IRQHandler
                0x08001390                USART3_IRQHandler
                0x08001390                CAN1_RX1_IRQHandler
                0x08001390                UART5_IRQHandler
                0x08001390                DMA2_Stream0_IRQHandler
                0x08001390                TIM4_IRQHandler
                0x08001390                QUADSPI_IRQHandler
                0x08001390                I2C1_EV_IRQHandler
                0x08001390                DMA1_Stream6_IRQHandler
                0x08001390                DMA1_Stream1_IRQHandler
                0x08001390                UART4_IRQHandler
                0x08001390                TIM3_IRQHandler
                0x08001390                RCC_IRQHandler
                0x08001390                TIM8_BRK_TIM12_IRQHandler
                0x08001390                Default_Handler
                0x08001390                CEC_IRQHandler
                0x08001390                ADC_IRQHandler
                0x08001390                DMA1_Stream7_IRQHandler
                0x08001390                SPI5_IRQHandler
                0x08001390                TIM7_IRQHandler
                0x08001390                SDMMC1_IRQHandler
                0x08001390                CAN2_TX_IRQHandler
                0x08001390                TIM5_IRQHandler
                0x08001390                DMA2_Stream7_IRQHandler
                0x08001390                I2C3_EV_IRQHandler
                0x08001390                RTC_WKUP_IRQHandler
                0x08001390                LTDC_IRQHandler
                0x08001390                ETH_WKUP_IRQHandler
                0x08001390                SPDIF_RX_IRQHandler
                0x08001390                SPI2_IRQHandler
                0x08001390                OTG_HS_EP1_IN_IRQHandler
                0x08001390                DMA1_Stream0_IRQHandler
                0x08001390                CAN1_TX_IRQHandler
                0x08001390                EXTI4_IRQHandler
                0x08001390                RNG_IRQHandler
                0x08001390                ETH_IRQHandler
                0x08001390                OTG_HS_EP1_OUT_IRQHandler
                0x08001390                WWDG_IRQHandler
                0x08001390                SPI6_IRQHandler
                0x08001390                MDIOS_IRQHandler
                0x08001390                I2C4_EV_IRQHandler
                0x08001390                CAN3_TX_IRQHandler
                0x08001390                TIM2_IRQHandler
                0x08001390                OTG_FS_WKUP_IRQHandler
                0x08001390                TIM1_TRG_COM_TIM11_IRQHandler
                0x08001390                OTG_HS_IRQHandler
                0x08001390                DMA2D_IRQHandler
                0x08001390                EXTI1_IRQHandler
                0x08001390                SDMMC2_IRQHandler
                0x08001390                UART7_IRQHandler
                0x08001390                USART2_IRQHandler
                0x08001390                DFSDM1_FLT0_IRQHandler
                0x08001390                I2C2_ER_IRQHandler
                0x08001390                DMA2_Stream1_IRQHandler
                0x08001390                CAN1_SCE_IRQHandler
                0x08001390                FLASH_IRQHandler
                0x08001390                DMA2_Stream4_IRQHandler
                0x08001390                USART1_IRQHandler
                0x08001390                OTG_FS_IRQHandler
                0x08001390                SPI3_IRQHandler
                0x08001390                DMA1_Stream4_IRQHandler
                0x08001390                I2C1_ER_IRQHandler
                0x08001390                FMC_IRQHandler
                0x08001390                LPTIM1_IRQHandler
                0x08001390                I2C4_ER_IRQHandler
                0x08001390                DMA2_Stream6_IRQHandler
                0x08001390                SAI1_IRQHandler
                0x08001390                DMA1_Stream3_IRQHandler
 .text.HAL_Init
                0x08001392       0x1a ./Drivers/STM32F7xx_HAL_Driver/Src/stm32f7xx_hal.o
                0x08001392                HAL_Init
 .text.HAL_InitTick
                0x080013ac       0x60 ./Drivers/STM32F7xx_HAL_Driver/Src/stm32f7xx_hal.o
                0x080013ac                HAL_InitTick
 .text.HAL_IncTick
                0x0800140c       0x28 ./Drivers/STM32F7xx_HAL_Driver/Src/stm32f7xx_hal.o
                0x0800140c                HAL_IncTick
 .text.HAL_GetTick
                0x08001434       0x18 ./Drivers/STM32F7xx_HAL_Driver/Src/stm32f7xx_hal.o
                0x08001434                HAL_GetTick
 .text.HAL_Delay
                0x0800144c       0x48 ./Drivers/STM32F7xx_HAL_Driver/Src/stm32f7xx_hal.o
                0x0800144c                HAL_Delay
 .text.HAL_ADC_Init
                0x08001494       0x88 ./Drivers/STM32F7xx_HAL_Driver/Src/stm32f7xx_hal_adc.o
                0x08001494                HAL_ADC_Init
 .text.HAL_ADC_Start
                0x0800151c      0x19c ./Drivers/STM32F7xx_HAL_Driver/Src/stm32f7xx_hal_adc.o
                0x0800151c                HAL_ADC_Start
 .text.HAL_ADC_Stop
                0x080016b8       0x68 ./Drivers/STM32F7xx_HAL_Driver/Src/stm32f7xx_hal_adc.o
                0x080016b8                HAL_ADC_Stop
 .text.HAL_ADC_PollForConversion
                0x08001720      0x116 ./Drivers/STM32F7xx_HAL_Driver/Src/stm32f7xx_hal_adc.o
                0x08001720                HAL_ADC_PollForConversion
 .text.HAL_ADC_GetValue
                0x08001836       0x1a ./Drivers/STM32F7xx_HAL_Driver/Src/stm32f7xx_hal_adc.o
                0x08001836                HAL_ADC_GetValue
 .text.HAL_ADC_ConfigChannel
                0x08001850      0x2b4 ./Drivers/STM32F7xx_HAL_Driver/Src/stm32f7xx_hal_adc.o
                0x08001850                HAL_ADC_ConfigChannel
 .text.ADC_Init
                0x08001b04      0x1f4 ./Drivers/STM32F7xx_HAL_Driver/Src/stm32f7xx_hal_adc.o
 .text.__NVIC_SetPriorityGrouping
                0x08001cf8       0x48 ./Drivers/STM32F7xx_HAL_Driver/Src/stm32f7xx_hal_cortex.o
 .text.__NVIC_GetPriorityGrouping
                0x08001d40       0x1c ./Drivers/STM32F7xx_HAL_Driver/Src/stm32f7xx_hal_cortex.o
 .text.__NVIC_SetPriority
                0x08001d5c       0x54 ./Drivers/STM32F7xx_HAL_Driver/Src/stm32f7xx_hal_cortex.o
 .text.NVIC_EncodePriority
                0x08001db0       0x66 ./Drivers/STM32F7xx_HAL_Driver/Src/stm32f7xx_hal_cortex.o
 *fill*         0x08001e16        0x2 
 .text.SysTick_Config
                0x08001e18       0x44 ./Drivers/STM32F7xx_HAL_Driver/Src/stm32f7xx_hal_cortex.o
 .text.HAL_NVIC_SetPriorityGrouping
                0x08001e5c       0x16 ./Drivers/STM32F7xx_HAL_Driver/Src/stm32f7xx_hal_cortex.o
                0x08001e5c                HAL_NVIC_SetPriorityGrouping
 .text.HAL_NVIC_SetPriority
                0x08001e72       0x38 ./Drivers/STM32F7xx_HAL_Driver/Src/stm32f7xx_hal_cortex.o
                0x08001e72                HAL_NVIC_SetPriority
 .text.HAL_SYSTICK_Config
                0x08001eaa       0x18 ./Drivers/STM32F7xx_HAL_Driver/Src/stm32f7xx_hal_cortex.o
                0x08001eaa                HAL_SYSTICK_Config
 *fill*         0x08001ec2        0x2 
 .text.HAL_MPU_Disable
                0x08001ec4       0x30 ./Drivers/STM32F7xx_HAL_Driver/Src/stm32f7xx_hal_cortex.o
                0x08001ec4                HAL_MPU_Disable
 .text.HAL_MPU_Enable
                0x08001ef4       0x40 ./Drivers/STM32F7xx_HAL_Driver/Src/stm32f7xx_hal_cortex.o
                0x08001ef4                HAL_MPU_Enable
 .text.HAL_MPU_ConfigRegion
                0x08001f34       0x80 ./Drivers/STM32F7xx_HAL_Driver/Src/stm32f7xx_hal_cortex.o
                0x08001f34                HAL_MPU_ConfigRegion
 .text.HAL_GPIO_Init
                0x08001fb4      0x358 ./Drivers/STM32F7xx_HAL_Driver/Src/stm32f7xx_hal_gpio.o
                0x08001fb4                HAL_GPIO_Init
 .text.HAL_GPIO_ReadPin
                0x0800230c       0x30 ./Drivers/STM32F7xx_HAL_Driver/Src/stm32f7xx_hal_gpio.o
                0x0800230c                HAL_GPIO_ReadPin
 .text.HAL_GPIO_WritePin
                0x0800233c       0x32 ./Drivers/STM32F7xx_HAL_Driver/Src/stm32f7xx_hal_gpio.o
                0x0800233c                HAL_GPIO_WritePin
 *fill*         0x0800236e        0x2 
 .text.HAL_GPIO_EXTI_IRQHandler
                0x08002370       0x30 ./Drivers/STM32F7xx_HAL_Driver/Src/stm32f7xx_hal_gpio.o
                0x08002370                HAL_GPIO_EXTI_IRQHandler
 .text.HAL_GPIO_EXTI_Callback
                0x080023a0       0x16 ./Drivers/STM32F7xx_HAL_Driver/Src/stm32f7xx_hal_gpio.o
                0x080023a0                HAL_GPIO_EXTI_Callback
 *fill*         0x080023b6        0x2 
 .text.HAL_PWREx_EnableOverDrive
                0x080023b8       0xa0 ./Drivers/STM32F7xx_HAL_Driver/Src/stm32f7xx_hal_pwr_ex.o
                0x080023b8                HAL_PWREx_EnableOverDrive
 .text.HAL_RCC_OscConfig
                0x08002458      0x55c ./Drivers/STM32F7xx_HAL_Driver/Src/stm32f7xx_hal_rcc.o
                0x08002458                HAL_RCC_OscConfig
 .text.HAL_RCC_ClockConfig
                0x080029b4      0x1d8 ./Drivers/STM32F7xx_HAL_Driver/Src/stm32f7xx_hal_rcc.o
                0x080029b4                HAL_RCC_ClockConfig
 .text.HAL_RCC_GetSysClockFreq
                0x08002b8c      0x188 ./Drivers/STM32F7xx_HAL_Driver/Src/stm32f7xx_hal_rcc.o
                0x08002b8c                HAL_RCC_GetSysClockFreq
 .text.HAL_RCC_GetHCLKFreq
                0x08002d14       0x18 ./Drivers/STM32F7xx_HAL_Driver/Src/stm32f7xx_hal_rcc.o
                0x08002d14                HAL_RCC_GetHCLKFreq
 .text.HAL_RCC_GetPCLK1Freq
                0x08002d2c       0x28 ./Drivers/STM32F7xx_HAL_Driver/Src/stm32f7xx_hal_rcc.o
                0x08002d2c                HAL_RCC_GetPCLK1Freq
 .text.HAL_RCC_GetPCLK2Freq
                0x08002d54       0x28 ./Drivers/STM32F7xx_HAL_Driver/Src/stm32f7xx_hal_rcc.o
                0x08002d54                HAL_RCC_GetPCLK2Freq
 .text.HAL_RCCEx_PeriphCLKConfig
                0x08002d7c      0x850 ./Drivers/STM32F7xx_HAL_Driver/Src/stm32f7xx_hal_rcc_ex.o
                0x08002d7c                HAL_RCCEx_PeriphCLKConfig
 .text.HAL_UART_Init
                0x080035cc       0x9c ./Drivers/STM32F7xx_HAL_Driver/Src/stm32f7xx_hal_uart.o
                0x080035cc                HAL_UART_Init
 .text.HAL_UART_Transmit
                0x08003668      0x112 ./Drivers/STM32F7xx_HAL_Driver/Src/stm32f7xx_hal_uart.o
                0x08003668                HAL_UART_Transmit
 .text.HAL_UART_Receive_IT
                0x0800377a       0x88 ./Drivers/STM32F7xx_HAL_Driver/Src/stm32f7xx_hal_uart.o
                0x0800377a                HAL_UART_Receive_IT
 .text.HAL_UART_RxCpltCallback
                0x08003802       0x14 ./Drivers/STM32F7xx_HAL_Driver/Src/stm32f7xx_hal_uart.o
                0x08003802                HAL_UART_RxCpltCallback
 .text.HAL_UARTEx_RxEventCallback
                0x08003816       0x18 ./Drivers/STM32F7xx_HAL_Driver/Src/stm32f7xx_hal_uart.o
                0x08003816                HAL_UARTEx_RxEventCallback
 *fill*         0x0800382e        0x2 
 .text.UART_SetConfig
                0x08003830      0x4c8 ./Drivers/STM32F7xx_HAL_Driver/Src/stm32f7xx_hal_uart.o
                0x08003830                UART_SetConfig
 .text.UART_AdvFeatureConfig
                0x08003cf8      0x144 ./Drivers/STM32F7xx_HAL_Driver/Src/stm32f7xx_hal_uart.o
                0x08003cf8                UART_AdvFeatureConfig
 .text.UART_CheckIdleState
                0x08003e3c      0x150 ./Drivers/STM32F7xx_HAL_Driver/Src/stm32f7xx_hal_uart.o
                0x08003e3c                UART_CheckIdleState
 .text.UART_WaitOnFlagUntilTimeout
                0x08003f8c       0xda ./Drivers/STM32F7xx_HAL_Driver/Src/stm32f7xx_hal_uart.o
                0x08003f8c                UART_WaitOnFlagUntilTimeout
 *fill*         0x08004066        0x2 
 .text.UART_Start_Receive_IT
                0x08004068      0x18c ./Drivers/STM32F7xx_HAL_Driver/Src/stm32f7xx_hal_uart.o
                0x08004068                UART_Start_Receive_IT
 .text.UART_EndRxTransfer
                0x080041f4       0xc8 ./Drivers/STM32F7xx_HAL_Driver/Src/stm32f7xx_hal_uart.o
 .text.UART_RxISR_8BIT
                0x080042bc      0x1a8 ./Drivers/STM32F7xx_HAL_Driver/Src/stm32f7xx_hal_uart.o
 .text.UART_RxISR_16BIT
                0x08004464      0x1a8 ./Drivers/STM32F7xx_HAL_Driver/Src/stm32f7xx_hal_uart.o
 .text.memset   0x0800460c       0x10 C:/ST/STM32CubeIDE_2.1.1/STM32CubeIDE/plugins/com.st.stm32cube.ide.mcu.externaltools.gnu-tools-for-stm32.14.3.rel1.win32_1.0.100.202602081740/tools/bin/../lib/gcc/arm-none-eabi/14.3.1/../../../../arm-none-eabi/lib/thumb/v7e-m+dp/hard\libc_nano.a(libc_a-memset.o)
                0x0800460c                memset
 .text.__libc_init_array
                0x0800461c       0x48 C:/ST/STM32CubeIDE_2.1.1/STM32CubeIDE/plugins/com.st.stm32cube.ide.mcu.externaltools.gnu-tools-for-stm32.14.3.rel1.win32_1.0.100.202602081740/tools/bin/../lib/gcc/arm-none-eabi/14.3.1/../../../../arm-none-eabi/lib/thumb/v7e-m+dp/hard\libc_nano.a(libc_a-init.o)
                0x0800461c                __libc_init_array
 .text.memcpy   0x08004664       0x1c C:/ST/STM32CubeIDE_2.1.1/STM32CubeIDE/plugins/com.st.stm32cube.ide.mcu.externaltools.gnu-tools-for-stm32.14.3.rel1.win32_1.0.100.202602081740/tools/bin/../lib/gcc/arm-none-eabi/14.3.1/../../../../arm-none-eabi/lib/thumb/v7e-m+dp/hard\libc_nano.a(libc_a-memcpy-stub.o)
                0x08004664                memcpy
 *(.glue_7)
 .glue_7        0x08004680        0x0 linker stubs
 *(.glue_7t)
 .glue_7t       0x08004680        0x0 linker stubs
 *(.eh_frame)
 .eh_frame      0x08004680        0x0 C:/ST/STM32CubeIDE_2.1.1/STM32CubeIDE/plugins/com.st.stm32cube.ide.mcu.externaltools.gnu-tools-for-stm32.14.3.rel1.win32_1.0.100.202602081740/tools/bin/../lib/gcc/arm-none-eabi/14.3.1/thumb/v7e-m+dp/hard/crtbegin.o
 *(.init)
 .init          0x08004680        0x4 C:/ST/STM32CubeIDE_2.1.1/STM32CubeIDE/plugins/com.st.stm32cube.ide.mcu.externaltools.gnu-tools-for-stm32.14.3.rel1.win32_1.0.100.202602081740/tools/bin/../lib/gcc/arm-none-eabi/14.3.1/thumb/v7e-m+dp/hard/crti.o
                0x08004680                _init
 .init          0x08004684        0x8 C:/ST/STM32CubeIDE_2.1.1/STM32CubeIDE/plugins/com.st.stm32cube.ide.mcu.externaltools.gnu-tools-for-stm32.14.3.rel1.win32_1.0.100.202602081740/tools/bin/../lib/gcc/arm-none-eabi/14.3.1/thumb/v7e-m+dp/hard/crtn.o
 *(.fini)
 .fini          0x0800468c        0x4 C:/ST/STM32CubeIDE_2.1.1/STM32CubeIDE/plugins/com.st.stm32cube.ide.mcu.externaltools.gnu-tools-for-stm32.14.3.rel1.win32_1.0.100.202602081740/tools/bin/../lib/gcc/arm-none-eabi/14.3.1/thumb/v7e-m+dp/hard/crti.o
                0x0800468c                _fini
 .fini          0x08004690        0x8 C:/ST/STM32CubeIDE_2.1.1/STM32CubeIDE/plugins/com.st.stm32cube.ide.mcu.externaltools.gnu-tools-for-stm32.14.3.rel1.win32_1.0.100.202602081740/tools/bin/../lib/gcc/arm-none-eabi/14.3.1/thumb/v7e-m+dp/hard/crtn.o
                0x08004698                        . = ALIGN (0x4)
                0x08004698                        _etext = .

.vfp11_veneer   0x08004698        0x0
 .vfp11_veneer  0x08004698        0x0 linker stubs

.v4_bx          0x08004698        0x0
 .v4_bx         0x08004698        0x0 linker stubs

.iplt           0x08004698        0x0
 .iplt          0x08004698        0x0 C:/ST/STM32CubeIDE_2.1.1/STM32CubeIDE/plugins/com.st.stm32cube.ide.mcu.externaltools.gnu-tools-for-stm32.14.3.rel1.win32_1.0.100.202602081740/tools/bin/../lib/gcc/arm-none-eabi/14.3.1/thumb/v7e-m+dp/hard/crtbegin.o

.rodata         0x08004698       0xb8
                0x08004698                        . = ALIGN (0x4)
 *(.rodata)
 *(.rodata*)
 .rodata.buttons
                0x08004698       0x50 ./Core/Src/main.o
 .rodata.leds   0x080046e8       0x50 ./Core/Src/main.o
 .rodata.AHBPrescTable
                0x08004738       0x10 ./Core/Src/system_stm32f7xx.o
                0x08004738                AHBPrescTable
 .rodata.APBPrescTable
                0x08004748        0x8 ./Core/Src/system_stm32f7xx.o
                0x08004748                APBPrescTable
                0x08004750                        . = ALIGN (0x4)

.ARM.extab      0x08004750        0x0
                0x08004750                        . = ALIGN (0x4)
 *(.ARM.extab* .gnu.linkonce.armextab.*)
                0x08004750                        . = ALIGN (0x4)

.ARM            0x08004750        0x8
                0x08004750                        . = ALIGN (0x4)
                0x08004750                        __exidx_start = .
 *(.ARM.exidx*)
 .ARM.exidx     0x08004750        0x8 C:/ST/STM32CubeIDE_2.1.1/STM32CubeIDE/plugins/com.st.stm32cube.ide.mcu.externaltools.gnu-tools-for-stm32.14.3.rel1.win32_1.0.100.202602081740/tools/bin/../lib/gcc/arm-none-eabi/14.3.1/thumb/v7e-m+dp/hard\libgcc.a(_udivmoddi4.o)
                0x08004758                        __exidx_end = .
                0x08004758                        . = ALIGN (0x4)

.preinit_array  0x08004758        0x0
                0x08004758                        . = ALIGN (0x4)
                0x08004758                        PROVIDE (__preinit_array_start = .)
 *(.preinit_array*)
                0x08004758                        PROVIDE (__preinit_array_end = .)
                0x08004758                        . = ALIGN (0x4)

.init_array     0x08004758        0x4
                0x08004758                        . = ALIGN (0x4)
                0x08004758                        PROVIDE (__init_array_start = .)
 *(SORT_BY_NAME(.init_array.*))
 *(.init_array*)
 .init_array    0x08004758        0x4 C:/ST/STM32CubeIDE_2.1.1/STM32CubeIDE/plugins/com.st.stm32cube.ide.mcu.externaltools.gnu-tools-for-stm32.14.3.rel1.win32_1.0.100.202602081740/tools/bin/../lib/gcc/arm-none-eabi/14.3.1/thumb/v7e-m+dp/hard/crtbegin.o
                0x0800475c                        PROVIDE (__init_array_end = .)
                0x0800475c                        . = ALIGN (0x4)

.fini_array     0x0800475c        0x4
                0x0800475c                        . = ALIGN (0x4)
                [!provide]                        PROVIDE (__fini_array_start = .)
 *(SORT_BY_NAME(.fini_array.*))
 *(.fini_array*)
 .fini_array    0x0800475c        0x4 C:/ST/STM32CubeIDE_2.1.1/STM32CubeIDE/plugins/com.st.stm32cube.ide.mcu.externaltools.gnu-tools-for-stm32.14.3.rel1.win32_1.0.100.202602081740/tools/bin/../lib/gcc/arm-none-eabi/14.3.1/thumb/v7e-m+dp/hard/crtbegin.o
                [!provide]                        PROVIDE (__fini_array_end = .)
                0x08004760                        . = ALIGN (0x4)
                0x08004760                        _sidata = LOADADDR (.data)

.rel.dyn        0x08004760        0x0
 .rel.iplt      0x08004760        0x0 C:/ST/STM32CubeIDE_2.1.1/STM32CubeIDE/plugins/com.st.stm32cube.ide.mcu.externaltools.gnu-tools-for-stm32.14.3.rel1.win32_1.0.100.202602081740/tools/bin/../lib/gcc/arm-none-eabi/14.3.1/thumb/v7e-m+dp/hard/crtbegin.o

.data           0x20000000       0x10 load address 0x08004760
                0x20000000                        . = ALIGN (0x4)
                0x20000000                        _sdata = .
 *(.data)
 *(.data*)
 .data.armLastState.16
                0x20000000        0x1 ./Core/Src/main.o
 .data.autoLastState.14
                0x20000001        0x1 ./Core/Src/main.o
 .data.autoLandLastState.13
                0x20000002        0x1 ./Core/Src/main.o
 *fill*         0x20000003        0x1 
 .data.SystemCoreClock
                0x20000004        0x4 ./Core/Src/system_stm32f7xx.o
                0x20000004                SystemCoreClock
 .data.uwTickPrio
                0x20000008        0x4 ./Drivers/STM32F7xx_HAL_Driver/Src/stm32f7xx_hal.o
                0x20000008                uwTickPrio
 .data.uwTickFreq
                0x2000000c        0x1 ./Drivers/STM32F7xx_HAL_Driver/Src/stm32f7xx_hal.o
                0x2000000c                uwTickFreq
 *(.RamFunc)
 *(.RamFunc*)
                0x20000010                        . = ALIGN (0x4)
 *fill*         0x2000000d        0x3 
                0x20000010                        _edata = .

.igot.plt       0x20000010        0x0 load address 0x08004770
 .igot.plt      0x20000010        0x0 C:/ST/STM32CubeIDE_2.1.1/STM32CubeIDE/plugins/com.st.stm32cube.ide.mcu.externaltools.gnu-tools-for-stm32.14.3.rel1.win32_1.0.100.202602081740/tools/bin/../lib/gcc/arm-none-eabi/14.3.1/thumb/v7e-m+dp/hard/crtbegin.o
                0x20000010                        . = ALIGN (0x4)

.bss            0x20000010      0x19c load address 0x08004770
                0x20000010                        _sbss = .
                0x20000010                        __bss_start__ = _sbss
 *(.bss)
 .bss           0x20000010       0x1c C:/ST/STM32CubeIDE_2.1.1/STM32CubeIDE/plugins/com.st.stm32cube.ide.mcu.externaltools.gnu-tools-for-stm32.14.3.rel1.win32_1.0.100.202602081740/tools/bin/../lib/gcc/arm-none-eabi/14.3.1/thumb/v7e-m+dp/hard/crtbegin.o
 *(.bss*)
 .bss.hadc3     0x2000002c       0x48 ./Core/Src/main.o
                0x2000002c                hadc3
 .bss.huart2    0x20000074       0x88 ./Core/Src/main.o
                0x20000074                huart2
 .bss.rx_byte   0x200000fc        0x1 ./Core/Src/main.o
 *fill*         0x200000fd        0x3 
 .bss.lastArmTime
                0x20000100        0x4 ./Core/Src/main.o
 .bss.lastManualTime
                0x20000104        0x4 ./Core/Src/main.o
 .bss.lastAutoTime
                0x20000108        0x4 ./Core/Src/main.o
 .bss.lastAutoLandTime
                0x2000010c        0x4 ./Core/Src/main.o
 .bss.USB_MESSAGE
                0x20000110        0x4 ./Core/Src/main.o
                0x20000110                USB_MESSAGE
 .bss.which.18  0x20000114        0x1 ./Core/Src/main.o
 *fill*         0x20000115        0x3 
 .bss.frame.17  0x20000118       0x80 ./Core/Src/main.o
 .bss.manualLastState.15
                0x20000198        0x1 ./Core/Src/main.o
 .bss.counter.12
                0x20000199        0x1 ./Core/Src/main.o
 .bss.avg1.11   0x2000019a        0x2 ./Core/Src/main.o
 .bss.avg2.10   0x2000019c        0x2 ./Core/Src/main.o
 .bss.avg3.9    0x2000019e        0x2 ./Core/Src/main.o
 .bss.avg4.8    0x200001a0        0x2 ./Core/Src/main.o
 *fill*         0x200001a2        0x2 
 .bss.last_usb_send.7
                0x200001a4        0x4 ./Core/Src/main.o
 .bss.uwTick    0x200001a8        0x4 ./Drivers/STM32F7xx_HAL_Driver/Src/stm32f7xx_hal.o
                0x200001a8                uwTick
 *(COMMON)
                0x200001ac                        . = ALIGN (0x4)
                0x200001ac                        _ebss = .
                0x200001ac                        __bss_end__ = _ebss

._user_heap_stack
                0x200001ac      0x604 load address 0x08004770
                0x200001b0                        . = ALIGN (0x8)
 *fill*         0x200001ac        0x4 
                [!provide]                        PROVIDE (end = .)
                0x200001b0                        PROVIDE (_end = .)
                0x200003b0                        . = (. + _Min_Heap_Size)
 *fill*         0x200001b0      0x200 
                0x200007b0                        . = (. + _Min_Stack_Size)
 *fill*         0x200003b0      0x400 
                0x200007b0                        . = ALIGN (0x8)

/DISCARD/
 libc.a(*)
 libm.a(*)
 libgcc.a(*)

.ARM.attributes
                0x00000000       0x2e
 *(.ARM.attributes)
 .ARM.attributes
                0x00000000       0x20 C:/ST/STM32CubeIDE_2.1.1/STM32CubeIDE/plugins/com.st.stm32cube.ide.mcu.externaltools.gnu-tools-for-stm32.14.3.rel1.win32_1.0.100.202602081740/tools/bin/../lib/gcc/arm-none-eabi/14.3.1/thumb/v7e-m+dp/hard/crti.o
 .ARM.attributes
                0x00000020       0x32 C:/ST/STM32CubeIDE_2.1.1/STM32CubeIDE/plugins/com.st.stm32cube.ide.mcu.externaltools.gnu-tools-for-stm32.14.3.rel1.win32_1.0.100.202602081740/tools/bin/../lib/gcc/arm-none-eabi/14.3.1/thumb/v7e-m+dp/hard/crtbegin.o
 .ARM.attributes
                0x00000052       0x32 ./Core/Src/main.o
 .ARM.attributes
                0x00000084       0x32 ./Core/Src/stm32f7xx_hal_msp.o
 .ARM.attributes
                0x000000b6       0x32 ./Core/Src/stm32f7xx_it.o
 .ARM.attributes
                0x000000e8       0x32 ./Core/Src/system_stm32f7xx.o
 .ARM.attributes
                0x0000011a       0x21 ./Core/Startup/startup_stm32f767zitx.o
 .ARM.attributes
                0x0000013b       0x32 ./Drivers/STM32F7xx_HAL_Driver/Src/stm32f7xx_hal.o
 .ARM.attributes
                0x0000016d       0x32 ./Drivers/STM32F7xx_HAL_Driver/Src/stm32f7xx_hal_adc.o
 .ARM.attributes
                0x0000019f       0x32 ./Drivers/STM32F7xx_HAL_Driver/Src/stm32f7xx_hal_cortex.o
 .ARM.attributes
                0x000001d1       0x32 ./Drivers/STM32F7xx_HAL_Driver/Src/stm32f7xx_hal_gpio.o
 .ARM.attributes
                0x00000203       0x32 ./Drivers/STM32F7xx_HAL_Driver/Src/stm32f7xx_hal_pwr_ex.o
 .ARM.attributes
                0x00000235       0x32 ./Drivers/STM32F7xx_HAL_Driver/Src/stm32f7xx_hal_rcc.o
 .ARM.attributes
                0x00000267       0x32 ./Drivers/STM32F7xx_HAL_Driver/Src/stm32f7xx_hal_rcc_ex.o
 .ARM.attributes
                0x00000299       0x32 ./Drivers/STM32F7xx_HAL_Driver/Src/stm32f7xx_hal_uart.o
 .ARM.attributes
                0x000002cb       0x32 C:/ST/STM32CubeIDE_2.1.1/STM32CubeIDE/plugins/com.st.stm32cube.ide.mcu.externaltools.gnu-tools-for-stm32.14.3.rel1.win32_1.0.100.202602081740/tools/bin/../lib/gcc/arm-none-eabi/14.3.1/../../../../arm-none-eabi/lib/thumb/v7e-m+dp/hard\libc_nano.a(libc_a-memset.o)
 .ARM.attributes
                0x000002fd       0x32 C:/ST/STM32CubeIDE_2.1.1/STM32CubeIDE/plugins/com.st.stm32cube.ide.mcu.externaltools.gnu-tools-for-stm32.14.3.rel1.win32_1.0.100.202602081740/tools/bin/../lib/gcc/arm-none-eabi/14.3.1/../../../../arm-none-eabi/lib/thumb/v7e-m+dp/hard\libc_nano.a(libc_a-init.o)
 .ARM.attributes
                0x0000032f       0x32 C:/ST/STM32CubeIDE_2.1.1/STM32CubeIDE/plugins/com.st.stm32cube.ide.mcu.externaltools.gnu-tools-for-stm32.14.3.rel1.win32_1.0.100.202602081740/tools/bin/../lib/gcc/arm-none-eabi/14.3.1/../../../../arm-none-eabi/lib/thumb/v7e-m+dp/hard\libc_nano.a(libc_a-memcpy-stub.o)
 .ARM.attributes
                0x00000361       0x20 C:/ST/STM32CubeIDE_2.1.1/STM32CubeIDE/plugins/com.st.stm32cube.ide.mcu.externaltools.gnu-tools-for-stm32.14.3.rel1.win32_1.0.100.202602081740/tools/bin/../lib/gcc/arm-none-eabi/14.3.1/thumb/v7e-m+dp/hard\libgcc.a(_aeabi_uldivmod.o)
 .ARM.attributes
                0x00000381       0x32 C:/ST/STM32CubeIDE_2.1.1/STM32CubeIDE/plugins/com.st.stm32cube.ide.mcu.externaltools.gnu-tools-for-stm32.14.3.rel1.win32_1.0.100.202602081740/tools/bin/../lib/gcc/arm-none-eabi/14.3.1/thumb/v7e-m+dp/hard\libgcc.a(_udivmoddi4.o)
 .ARM.attributes
                0x000003b3       0x20 C:/ST/STM32CubeIDE_2.1.1/STM32CubeIDE/plugins/com.st.stm32cube.ide.mcu.externaltools.gnu-tools-for-stm32.14.3.rel1.win32_1.0.100.202602081740/tools/bin/../lib/gcc/arm-none-eabi/14.3.1/thumb/v7e-m+dp/hard\libgcc.a(_dvmd_tls.o)
 .ARM.attributes
                0x000003d3       0x20 C:/ST/STM32CubeIDE_2.1.1/STM32CubeIDE/plugins/com.st.stm32cube.ide.mcu.externaltools.gnu-tools-for-stm32.14.3.rel1.win32_1.0.100.202602081740/tools/bin/../lib/gcc/arm-none-eabi/14.3.1/thumb/v7e-m+dp/hard/crtn.o
OUTPUT(Nucleo_GCS.elf elf32-littlearm)
LOAD linker stubs
LOAD C:/ST/STM32CubeIDE_2.1.1/STM32CubeIDE/plugins/com.st.stm32cube.ide.mcu.externaltools.gnu-tools-for-stm32.14.3.rel1.win32_1.0.100.202602081740/tools/bin/../lib/gcc/arm-none-eabi/14.3.1/../../../../arm-none-eabi/lib/thumb/v7e-m+dp/hard\libc.a
LOAD C:/ST/STM32CubeIDE_2.1.1/STM32CubeIDE/plugins/com.st.stm32cube.ide.mcu.externaltools.gnu-tools-for-stm32.14.3.rel1.win32_1.0.100.202602081740/tools/bin/../lib/gcc/arm-none-eabi/14.3.1/../../../../arm-none-eabi/lib/thumb/v7e-m+dp/hard\libm.a
LOAD C:/ST/STM32CubeIDE_2.1.1/STM32CubeIDE/plugins/com.st.stm32cube.ide.mcu.externaltools.gnu-tools-for-stm32.14.3.rel1.win32_1.0.100.202602081740/tools/bin/../lib/gcc/arm-none-eabi/14.3.1/thumb/v7e-m+dp/hard\libgcc.a

.debug_info     0x00000000     0xb2ce
 .debug_info    0x00000000     0x1945 ./Core/Src/main.o
 .debug_info    0x00001945      0xf75 ./Core/Src/stm32f7xx_hal_msp.o
 .debug_info    0x000028ba      0x15a ./Core/Src/stm32f7xx_it.o
 .debug_info    0x00002a14      0x6ed ./Core/Src/system_stm32f7xx.o
 .debug_info    0x00003101       0x30 ./Core/Startup/startup_stm32f767zitx.o
 .debug_info    0x00003131      0xa4c ./Drivers/STM32F7xx_HAL_Driver/Src/stm32f7xx_hal.o
 .debug_info    0x00003b7d      0xc92 ./Drivers/STM32F7xx_HAL_Driver/Src/stm32f7xx_hal_adc.o
 .debug_info    0x0000480f      0xfc0 ./Drivers/STM32F7xx_HAL_Driver/Src/stm32f7xx_hal_cortex.o
 .debug_info    0x000057cf      0x6f3 ./Drivers/STM32F7xx_HAL_Driver/Src/stm32f7xx_hal_gpio.o
 .debug_info    0x00005ec2      0x8cd ./Drivers/STM32F7xx_HAL_Driver/Src/stm32f7xx_hal_pwr_ex.o
 .debug_info    0x0000678f      0x94b ./Drivers/STM32F7xx_HAL_Driver/Src/stm32f7xx_hal_rcc.o
 .debug_info    0x000070da      0x6e1 ./Drivers/STM32F7xx_HAL_Driver/Src/stm32f7xx_hal_rcc_ex.o
 .debug_info    0x000077bb     0x3b13 ./Drivers/STM32F7xx_HAL_Driver/Src/stm32f7xx_hal_uart.o

.debug_abbrev   0x00000000     0x1a73
 .debug_abbrev  0x00000000      0x3e5 ./Core/Src/main.o
 .debug_abbrev  0x000003e5      0x1d6 ./Core/Src/stm32f7xx_hal_msp.o
 .debug_abbrev  0x000005bb       0xa0 ./Core/Src/stm32f7xx_it.o
 .debug_abbrev  0x0000065b      0x13b ./Core/Src/system_stm32f7xx.o
 .debug_abbrev  0x00000796       0x24 ./Core/Startup/startup_stm32f767zitx.o
 .debug_abbrev  0x000007ba      0x213 ./Drivers/STM32F7xx_HAL_Driver/Src/stm32f7xx_hal.o
 .debug_abbrev  0x000009cd      0x252 ./Drivers/STM32F7xx_HAL_Driver/Src/stm32f7xx_hal_adc.o
 .debug_abbrev  0x00000c1f      0x31e ./Drivers/STM32F7xx_HAL_Driver/Src/stm32f7xx_hal_cortex.o
 .debug_abbrev  0x00000f3d      0x1d4 ./Drivers/STM32F7xx_HAL_Driver/Src/stm32f7xx_hal_gpio.o
 .debug_abbrev  0x00001111      0x1d5 ./Drivers/STM32F7xx_HAL_Driver/Src/stm32f7xx_hal_pwr_ex.o
 .debug_abbrev  0x000012e6      0x2de ./Drivers/STM32F7xx_HAL_Driver/Src/stm32f7xx_hal_rcc.o
 .debug_abbrev  0x000015c4      0x1c9 ./Drivers/STM32F7xx_HAL_Driver/Src/stm32f7xx_hal_rcc_ex.o
 .debug_abbrev  0x0000178d      0x2e6 ./Drivers/STM32F7xx_HAL_Driver/Src/stm32f7xx_hal_uart.o

.debug_aranges  0x00000000      0x8e0
 .debug_aranges
                0x00000000       0xe0 ./Core/Src/main.o
 .debug_aranges
                0x000000e0       0x40 ./Core/Src/stm32f7xx_hal_msp.o
 .debug_aranges
                0x00000120       0x70 ./Core/Src/stm32f7xx_it.o
 .debug_aranges
                0x00000190       0x28 ./Core/Src/system_stm32f7xx.o
 .debug_aranges
                0x000001b8       0x28 ./Core/Startup/startup_stm32f767zitx.o
 .debug_aranges
                0x000001e0      0x110 ./Drivers/STM32F7xx_HAL_Driver/Src/stm32f7xx_hal.o
 .debug_aranges
                0x000002f0       0xe8 ./Drivers/STM32F7xx_HAL_Driver/Src/stm32f7xx_hal_adc.o
 .debug_aranges
                0x000003d8      0x128 ./Drivers/STM32F7xx_HAL_Driver/Src/stm32f7xx_hal_cortex.o
 .debug_aranges
                0x00000500       0x58 ./Drivers/STM32F7xx_HAL_Driver/Src/stm32f7xx_hal_gpio.o
 .debug_aranges
                0x00000558       0x80 ./Drivers/STM32F7xx_HAL_Driver/Src/stm32f7xx_hal_pwr_ex.o
 .debug_aranges
                0x000005d8       0x88 ./Drivers/STM32F7xx_HAL_Driver/Src/stm32f7xx_hal_rcc.o
 .debug_aranges
                0x00000660       0x50 ./Drivers/STM32F7xx_HAL_Driver/Src/stm32f7xx_hal_rcc_ex.o
 .debug_aranges
                0x000006b0      0x230 ./Drivers/STM32F7xx_HAL_Driver/Src/stm32f7xx_hal_uart.o

.debug_rnglists
                0x00000000      0x6cf
 .debug_rnglists
                0x00000000       0xa9 ./Core/Src/main.o
 .debug_rnglists
                0x000000a9       0x2d ./Core/Src/stm32f7xx_hal_msp.o
 .debug_rnglists
                0x000000d6       0x4f ./Core/Src/stm32f7xx_it.o
 .debug_rnglists
                0x00000125       0x1a ./Core/Src/system_stm32f7xx.o
 .debug_rnglists
                0x0000013f       0x19 ./Core/Startup/startup_stm32f767zitx.o
 .debug_rnglists
                0x00000158       0xc7 ./Drivers/STM32F7xx_HAL_Driver/Src/stm32f7xx_hal.o
 .debug_rnglists
                0x0000021f       0xb5 ./Drivers/STM32F7xx_HAL_Driver/Src/stm32f7xx_hal_adc.o
 .debug_rnglists
                0x000002d4       0xda ./Drivers/STM32F7xx_HAL_Driver/Src/stm32f7xx_hal_cortex.o
 .debug_rnglists
                0x000003ae       0x3f ./Drivers/STM32F7xx_HAL_Driver/Src/stm32f7xx_hal_gpio.o
 .debug_rnglists
                0x000003ed       0x5f ./Drivers/STM32F7xx_HAL_Driver/Src/stm32f7xx_hal_pwr_ex.o
 .debug_rnglists
                0x0000044c       0x67 ./Drivers/STM32F7xx_HAL_Driver/Src/stm32f7xx_hal_rcc.o
 .debug_rnglists
                0x000004b3       0x3c ./Drivers/STM32F7xx_HAL_Driver/Src/stm32f7xx_hal_rcc_ex.o
 .debug_rnglists
                0x000004ef      0x1e0 ./Drivers/STM32F7xx_HAL_Driver/Src/stm32f7xx_hal_uart.o

.debug_macro    0x00000000    0x26ce8
 .debug_macro   0x00000000      0x32b ./Core/Src/main.o
 .debug_macro   0x0000032b      0xaf0 ./Core/Src/main.o
 .debug_macro   0x00000e1b      0x28d ./Core/Src/main.o
 .debug_macro   0x000010a8       0x2e ./Core/Src/main.o
 .debug_macro   0x000010d6       0x3b ./Core/Src/main.o
 .debug_macro   0x00001111       0x22 ./Core/Src/main.o
 .debug_macro   0x00001133       0x8e ./Core/Src/main.o
 .debug_macro   0x000011c1       0x51 ./Core/Src/main.o
 .debug_macro   0x00001212      0x103 ./Core/Src/main.o
 .debug_macro   0x00001315       0x6a ./Core/Src/main.o
 .debug_macro   0x0000137f      0x1df ./Core/Src/main.o
 .debug_macro   0x0000155e       0x1c ./Core/Src/main.o
 .debug_macro   0x0000157a       0x22 ./Core/Src/main.o
 .debug_macro   0x0000159c       0xd9 ./Core/Src/main.o
 .debug_macro   0x00001675     0x12cd ./Core/Src/main.o
 .debug_macro   0x00002942      0x11f ./Core/Src/main.o
 .debug_macro   0x00002a61       0x19 ./Core/Src/main.o
 .debug_macro   0x00002a7a    0x1aa23 ./Core/Src/main.o
 .debug_macro   0x0001d49d       0x6d ./Core/Src/main.o
 .debug_macro   0x0001d50a     0x375e ./Core/Src/main.o
 .debug_macro   0x00020c68      0x190 ./Core/Src/main.o
 .debug_macro   0x00020df8       0x63 ./Core/Src/main.o
 .debug_macro   0x00020e5b     0x1add ./Core/Src/main.o
 .debug_macro   0x00022938      0x6c4 ./Core/Src/main.o
 .debug_macro   0x00022ffc      0x18b ./Core/Src/main.o
 .debug_macro   0x00023187      0x115 ./Core/Src/main.o
 .debug_macro   0x0002329c      0x26e ./Core/Src/main.o
 .debug_macro   0x0002350a       0xa5 ./Core/Src/main.o
 .debug_macro   0x000235af      0x24f ./Core/Src/main.o
 .debug_macro   0x000237fe       0x71 ./Core/Src/main.o
 .debug_macro   0x0002386f       0x58 ./Core/Src/main.o
 .debug_macro   0x000238c7      0x236 ./Core/Src/main.o
 .debug_macro   0x00023afd      0x416 ./Core/Src/main.o
 .debug_macro   0x00023f13      0x153 ./Core/Src/main.o
 .debug_macro   0x00024066      0x107 ./Core/Src/main.o
 .debug_macro   0x0002416d      0x14e ./Core/Src/main.o
 .debug_macro   0x000242bb      0x3db ./Core/Src/main.o
 .debug_macro   0x00024696       0x12 ./Core/Src/main.o
 .debug_macro   0x000246a8      0x12e ./Core/Src/main.o
 .debug_macro   0x000247d6      0x108 ./Core/Src/main.o
 .debug_macro   0x000248de       0x35 ./Core/Src/main.o
 .debug_macro   0x00024913      0x5ba ./Core/Src/main.o
 .debug_macro   0x00024ecd       0x44 ./Core/Src/main.o
 .debug_macro   0x00024f11      0x15b ./Core/Src/main.o
 .debug_macro   0x0002506c       0x61 ./Core/Src/main.o
 .debug_macro   0x000250cd       0x29 ./Core/Src/main.o
 .debug_macro   0x000250f6       0x43 ./Core/Src/main.o
 .debug_macro   0x00025139       0x34 ./Core/Src/main.o
 .debug_macro   0x0002516d      0x364 ./Core/Src/main.o
 .debug_macro   0x000254d1       0x16 ./Core/Src/main.o
 .debug_macro   0x000254e7       0x4a ./Core/Src/main.o
 .debug_macro   0x00025531       0x34 ./Core/Src/main.o
 .debug_macro   0x00025565       0x10 ./Core/Src/main.o
 .debug_macro   0x00025575       0x58 ./Core/Src/main.o
 .debug_macro   0x000255cd       0x8e ./Core/Src/main.o
 .debug_macro   0x0002565b       0x1c ./Core/Src/main.o
 .debug_macro   0x00025677      0x17e ./Core/Src/main.o
 .debug_macro   0x000257f5       0x10 ./Core/Src/main.o
 .debug_macro   0x00025805       0x3c ./Core/Src/main.o
 .debug_macro   0x00025841       0x20 ./Core/Src/main.o
 .debug_macro   0x00025861      0x1d9 ./Core/Src/stm32f7xx_hal_msp.o
 .debug_macro   0x00025a3a      0x1e3 ./Core/Src/stm32f7xx_it.o
 .debug_macro   0x00025c1d      0x1cf ./Core/Src/system_stm32f7xx.o
 .debug_macro   0x00025dec      0x1f3 ./Drivers/STM32F7xx_HAL_Driver/Src/stm32f7xx_hal.o
 .debug_macro   0x00025fdf      0x1d0 ./Drivers/STM32F7xx_HAL_Driver/Src/stm32f7xx_hal_adc.o
 .debug_macro   0x000261af      0x1cf ./Drivers/STM32F7xx_HAL_Driver/Src/stm32f7xx_hal_cortex.o
 .debug_macro   0x0002637e      0x1d5 ./Drivers/STM32F7xx_HAL_Driver/Src/stm32f7xx_hal_gpio.o
 .debug_macro   0x00026553      0x1e7 ./Drivers/STM32F7xx_HAL_Driver/Src/stm32f7xx_hal_pwr_ex.o
 .debug_macro   0x0002673a      0x1f3 ./Drivers/STM32F7xx_HAL_Driver/Src/stm32f7xx_hal_rcc.o
 .debug_macro   0x0002692d      0x1cf ./Drivers/STM32F7xx_HAL_Driver/Src/stm32f7xx_hal_rcc_ex.o
 .debug_macro   0x00026afc      0x1ec ./Drivers/STM32F7xx_HAL_Driver/Src/stm32f7xx_hal_uart.o

.debug_line     0x00000000     0xb34c
 .debug_line    0x00000000      0xf6b ./Core/Src/main.o
 .debug_line    0x00000f6b      0x7ee ./Core/Src/stm32f7xx_hal_msp.o
 .debug_line    0x00001759      0x826 ./Core/Src/stm32f7xx_it.o
 .debug_line    0x00001f7f      0x7b8 ./Core/Src/system_stm32f7xx.o
 .debug_line    0x00002737       0x7a ./Core/Startup/startup_stm32f767zitx.o
 .debug_line    0x000027b1      0xa9e ./Drivers/STM32F7xx_HAL_Driver/Src/stm32f7xx_hal.o
 .debug_line    0x0000324f     0x1230 ./Drivers/STM32F7xx_HAL_Driver/Src/stm32f7xx_hal_adc.o
 .debug_line    0x0000447f      0xceb ./Drivers/STM32F7xx_HAL_Driver/Src/stm32f7xx_hal_cortex.o
 .debug_line    0x0000516a      0xbc2 ./Drivers/STM32F7xx_HAL_Driver/Src/stm32f7xx_hal_gpio.o
 .debug_line    0x00005d2c      0xa3b ./Drivers/STM32F7xx_HAL_Driver/Src/stm32f7xx_hal_pwr_ex.o
 .debug_line    0x00006767      0xfa0 ./Drivers/STM32F7xx_HAL_Driver/Src/stm32f7xx_hal_rcc.o
 .debug_line    0x00007707      0xeee ./Drivers/STM32F7xx_HAL_Driver/Src/stm32f7xx_hal_rcc_ex.o
 .debug_line    0x000085f5     0x2d57 ./Drivers/STM32F7xx_HAL_Driver/Src/stm32f7xx_hal_uart.o

.debug_str      0x00000000    0xf41fd
 .debug_str     0x00000000    0xf41fd ./Core/Src/main.o
                              0xf24ff (size before relaxing)
 .debug_str     0x000f41fd    0xeed71 ./Core/Src/stm32f7xx_hal_msp.o
 .debug_str     0x000f41fd    0xee31b ./Core/Src/stm32f7xx_it.o
 .debug_str     0x000f41fd    0xee4d6 ./Core/Src/system_stm32f7xx.o
 .debug_str     0x000f41fd       0x86 ./Core/Startup/startup_stm32f767zitx.o
 .debug_str     0x000f41fd    0xeef16 ./Drivers/STM32F7xx_HAL_Driver/Src/stm32f7xx_hal.o
 .debug_str     0x000f41fd    0xee9d6 ./Drivers/STM32F7xx_HAL_Driver/Src/stm32f7xx_hal_adc.o
 .debug_str     0x000f41fd    0xeeef8 ./Drivers/STM32F7xx_HAL_Driver/Src/stm32f7xx_hal_cortex.o
 .debug_str     0x000f41fd    0xee594 ./Drivers/STM32F7xx_HAL_Driver/Src/stm32f7xx_hal_gpio.o
 .debug_str     0x000f41fd    0xee745 ./Drivers/STM32F7xx_HAL_Driver/Src/stm32f7xx_hal_pwr_ex.o
 .debug_str     0x000f41fd    0xee851 ./Drivers/STM32F7xx_HAL_Driver/Src/stm32f7xx_hal_rcc.o
 .debug_str     0x000f41fd    0xee7b4 ./Drivers/STM32F7xx_HAL_Driver/Src/stm32f7xx_hal_rcc_ex.o
 .debug_str     0x000f41fd    0xef19f ./Drivers/STM32F7xx_HAL_Driver/Src/stm32f7xx_hal_uart.o

.comment        0x00000000       0x43
 .comment       0x00000000       0x43 ./Core/Src/main.o
                                 0x44 (size before relaxing)
 .comment       0x00000043       0x44 ./Core/Src/stm32f7xx_hal_msp.o
 .comment       0x00000043       0x44 ./Core/Src/stm32f7xx_it.o
 .comment       0x00000043       0x44 ./Core/Src/system_stm32f7xx.o
 .comment       0x00000043       0x44 ./Drivers/STM32F7xx_HAL_Driver/Src/stm32f7xx_hal.o
 .comment       0x00000043       0x44 ./Drivers/STM32F7xx_HAL_Driver/Src/stm32f7xx_hal_adc.o
 .comment       0x00000043       0x44 ./Drivers/STM32F7xx_HAL_Driver/Src/stm32f7xx_hal_cortex.o
 .comment       0x00000043       0x44 ./Drivers/STM32F7xx_HAL_Driver/Src/stm32f7xx_hal_gpio.o
 .comment       0x00000043       0x44 ./Drivers/STM32F7xx_HAL_Driver/Src/stm32f7xx_hal_pwr_ex.o
 .comment       0x00000043       0x44 ./Drivers/STM32F7xx_HAL_Driver/Src/stm32f7xx_hal_rcc.o
 .comment       0x00000043       0x44 ./Drivers/STM32F7xx_HAL_Driver/Src/stm32f7xx_hal_rcc_ex.o
 .comment       0x00000043       0x44 ./Drivers/STM32F7xx_HAL_Driver/Src/stm32f7xx_hal_uart.o

.debug_frame    0x00000000     0x2194
 .debug_frame   0x00000000      0x330 ./Core/Src/main.o
 .debug_frame   0x00000330       0xc8 ./Core/Src/stm32f7xx_hal_msp.o
 .debug_frame   0x000003f8      0x130 ./Core/Src/stm32f7xx_it.o
 .debug_frame   0x00000528       0x50 ./Core/Src/system_stm32f7xx.o
 .debug_frame   0x00000578      0x38c ./Drivers/STM32F7xx_HAL_Driver/Src/stm32f7xx_hal.o
 .debug_frame   0x00000904      0x3bc ./Drivers/STM32F7xx_HAL_Driver/Src/stm32f7xx_hal_adc.o
 .debug_frame   0x00000cc0      0x49c ./Drivers/STM32F7xx_HAL_Driver/Src/stm32f7xx_hal_cortex.o
 .debug_frame   0x0000115c      0x130 ./Drivers/STM32F7xx_HAL_Driver/Src/stm32f7xx_hal_gpio.o
 .debug_frame   0x0000128c      0x1ac ./Drivers/STM32F7xx_HAL_Driver/Src/stm32f7xx_hal_pwr_ex.o
 .debug_frame   0x00001438      0x1e0 ./Drivers/STM32F7xx_HAL_Driver/Src/stm32f7xx_hal_rcc.o
 .debug_frame   0x00001618      0x110 ./Drivers/STM32F7xx_HAL_Driver/Src/stm32f7xx_hal_rcc_ex.o
 .debug_frame   0x00001728      0x998 ./Drivers/STM32F7xx_HAL_Driver/Src/stm32f7xx_hal_uart.o
 .debug_frame   0x000020c0       0x20 C:/ST/STM32CubeIDE_2.1.1/STM32CubeIDE/plugins/com.st.stm32cube.ide.mcu.externaltools.gnu-tools-for-stm32.14.3.rel1.win32_1.0.100.202602081740/tools/bin/../lib/gcc/arm-none-eabi/14.3.1/../../../../arm-none-eabi/lib/thumb/v7e-m+dp/hard\libc_nano.a(libc_a-memset.o)
 .debug_frame   0x000020e0       0x2c C:/ST/STM32CubeIDE_2.1.1/STM32CubeIDE/plugins/com.st.stm32cube.ide.mcu.externaltools.gnu-tools-for-stm32.14.3.rel1.win32_1.0.100.202602081740/tools/bin/../lib/gcc/arm-none-eabi/14.3.1/../../../../arm-none-eabi/lib/thumb/v7e-m+dp/hard\libc_nano.a(libc_a-init.o)
 .debug_frame   0x0000210c       0x28 C:/ST/STM32CubeIDE_2.1.1/STM32CubeIDE/plugins/com.st.stm32cube.ide.mcu.externaltools.gnu-tools-for-stm32.14.3.rel1.win32_1.0.100.202602081740/tools/bin/../lib/gcc/arm-none-eabi/14.3.1/../../../../arm-none-eabi/lib/thumb/v7e-m+dp/hard\libc_nano.a(libc_a-memcpy-stub.o)
 .debug_frame   0x00002134       0x2c C:/ST/STM32CubeIDE_2.1.1/STM32CubeIDE/plugins/com.st.stm32cube.ide.mcu.externaltools.gnu-tools-for-stm32.14.3.rel1.win32_1.0.100.202602081740/tools/bin/../lib/gcc/arm-none-eabi/14.3.1/thumb/v7e-m+dp/hard\libgcc.a(_aeabi_uldivmod.o)
 .debug_frame   0x00002160       0x34 C:/ST/STM32CubeIDE_2.1.1/STM32CubeIDE/plugins/com.st.stm32cube.ide.mcu.externaltools.gnu-tools-for-stm32.14.3.rel1.win32_1.0.100.202602081740/tools/bin/../lib/gcc/arm-none-eabi/14.3.1/thumb/v7e-m+dp/hard\libgcc.a(_udivmoddi4.o)

.debug_line_str
                0x00000000       0x6a
 .debug_line_str
                0x00000000       0x6a ./Core/Startup/startup_stm32f767zitx.o
