../Core/Src/main.c:117:16:tlv_crc8	24	static
../Core/Src/main.c:124:16:TLV_Send	32	static
../Core/Src/main.c:144:16:Button_Is_Pressed	24	static
../Core/Src/main.c:154:6:Test_Loop	16	static
../Core/Src/main.c:168:10:ADC_Read_Channel	40	static
../Core/Src/main.c:193:23:debounce_check	16	static
../Core/Src/main.c:200:6:onARM_Button_Press	4	static
../Core/Src/main.c:206:6:onManual_Button_Press	4	static
../Core/Src/main.c:212:6:onAutoTakeOff_Button_Press	4	static
../Core/Src/main.c:218:13:poll_button	32	static
../Core/Src/main.c:235:5:main	40	static
../Core/Src/main.c:347:6:SystemClock_Config	88	static
../Core/Src/main.c:402:13:MX_ADC3_Init	24	static
../Core/Src/main.c:481:13:MX_USART2_UART_Init	8	static
../Core/Src/main.c:516:13:MX_GPIO_Init	56	static
../Core/Src/main.c:619:6:MPU_Config	24	static
../Core/Src/main.c:650:6:Error_Handler	4	static,ignoring_inline_asm
