../Core/Src/main.c:237:16:tlv_crc8	24	static
../Core/Src/main.c:244:16:TLV_Send	32	static
../Core/Src/main.c:264:16:Button_Is_Pressed	24	static
../Core/Src/main.c:274:6:Test_Loop	16	static
../Core/Src/main.c:288:10:ADC_Read_Channel	40	static
../Core/Src/main.c:318:13:Debounce_Update	32	static
../Core/Src/main.c:331:13:Debounce_Sample_All	24	static
../Core/Src/main.c:339:23:Debounced_Is_Pressed	16	static
../Core/Src/main.c:355:20:Set_Bit_From_Debounced	24	static
../Core/Src/main.c:361:6:onARM_Button_Press	4	static
../Core/Src/main.c:367:6:onMenuSelect_Button_Press	4	static
../Core/Src/main.c:374:6:onAuto_Button_Press	4	static
../Core/Src/main.c:383:6:onFocusIn_Button_Press	4	static
../Core/Src/main.c:389:6:onFocusOut_Button_Press	4	static
../Core/Src/main.c:395:6:onZoomIn_Button_Press	4	static
../Core/Src/main.c:401:6:onZoomOUT_Button_Press	4	static
../Core/Src/main.c:407:6:onFOVIn_Button_Press	4	static
../Core/Src/main.c:413:6:onFOVOUT_Button_Press	4	static
../Core/Src/main.c:419:6:onJOYSTICK_TRACK_Button_Press	4	static
../Core/Src/main.c:427:6:onAI_TRACKING_Button_Press	4	static
../Core/Src/main.c:434:6:onTRACKING_SEARCH_Button_Press	4	static
../Core/Src/main.c:442:6:onTRACKING_TEMPLATE_TOGGLE_Button_Press	4	static
../Core/Src/main.c:449:6:onLASERSINGLE_Button_Press	4	static
../Core/Src/main.c:456:6:onLASERCONT_Button_Press	4	static
../Core/Src/main.c:463:6:onLASER_ZOOM_IN_Button_Press	4	static
../Core/Src/main.c:469:6:onLASER_ZOOM_OUT_Button_Press	4	static
../Core/Src/main.c:475:6:onTAKE_PICTURE_Button_Press	4	static
../Core/Src/main.c:481:6:onSTART_RECORD_Button_Press	4	static
../Core/Src/main.c:489:6:onSTOP_RECORD_Button_Press	4	static
../Core/Src/main.c:496:6:onPIC_RECORD_MODE_Button_Press	4	static
../Core/Src/main.c:503:6:onIMAGE_SENSOR_CHANGE_Button_Press	4	static
../Core/Src/main.c:509:6:onIR_POLARITY_Button_Press	4	static
../Core/Src/main.c:515:6:onIR_DZOOM_PLUS_Button_Press	4	static
../Core/Src/main.c:521:6:onIR_DZOOM_MINUS_Button_Press	4	static
../Core/Src/main.c:529:6:onNEAR_FAR_IR_Button_Press	4	static
../Core/Src/main.c:535:6:onEO_IMAGE_ON_OFF_Button_Press	4	static
../Core/Src/main.c:540:6:onIR_RAINBOW_Button_Press	4	static
../Core/Src/main.c:549:13:Send_Hello	16	static
../Core/Src/main.c:560:6:HAL_UART_RxCpltCallback	24	static
../Core/Src/main.c:627:13:Process_Incoming_Status	16	static
../Core/Src/main.c:651:13:Update_Menu_LEDs	8	static
../Core/Src/main.c:666:13:Poll_Debounced	32	static
../Core/Src/main.c:678:20:Set_LED_From_Bit	16	static
../Core/Src/main.c:691:20:Set_LED_From_Payload_Bit	16	static
../Core/Src/main.c:697:13:Hello_mode_On	8	static
../Core/Src/main.c:710:13:Hello_mode_off	8	static
../Core/Src/main.c:732:13:Update_Button_LEDs	8	static
../Core/Src/main.c:769:5:main	40	static
../Core/Src/main.c:965:6:SystemClock_Config	88	static
../Core/Src/main.c:1020:13:MX_ADC3_Init	24	static
../Core/Src/main.c:1099:13:MX_USART2_UART_Init	8	static
../Core/Src/main.c:1134:13:MX_GPIO_Init	56	static
../Core/Src/main.c:1237:6:MPU_Config	24	static
../Core/Src/main.c:1268:6:Error_Handler	4	static,ignoring_inline_asm
