../Core/Src/main.c:253:13:WS2812_EncodeByte	3
../Core/Src/main.c:262:6:WS2812_SetPixel	2
../Core/Src/main.c:273:6:WS2812_SetAll	2
../Core/Src/main.c:281:6:WS2812_Clear	1
../Core/Src/main.c:285:6:WS2812_Init	1
../Core/Src/main.c:296:9:WS2812_Show	4
../Core/Src/main.c:309:9:WS2812_IsBusy	1
../Core/Src/main.c:316:6:HAL_SPI_TxCpltCallback	2
../Core/Src/main.c:323:16:tlv_crc8	2
../Core/Src/main.c:330:16:TLV_Send	2
../Core/Src/main.c:350:16:Button_Is_Pressed	2
../Core/Src/main.c:360:6:Test_Loop	4
../Core/Src/main.c:374:10:ADC_Read_Channel	2
../Core/Src/main.c:425:13:Debounce_Update	3
../Core/Src/main.c:438:13:Debounce_Sample_All	2
../Core/Src/main.c:446:23:Debounced_Is_Pressed	2
../Core/Src/main.c:452:20:Set_Bit_From_Debounced	2
../Core/Src/main.c:458:6:onARM_Button_Press	2
../Core/Src/main.c:464:6:onMenuSelect_Button_Press	2
../Core/Src/main.c:471:6:onAuto_Button_Press	2
../Core/Src/main.c:480:6:onFocusIn_Button_Press	2
../Core/Src/main.c:486:6:onFocusOut_Button_Press	2
../Core/Src/main.c:492:6:onZoomIn_Button_Press	2
../Core/Src/main.c:498:6:onZoomOUT_Button_Press	2
../Core/Src/main.c:504:6:onFOVIn_Button_Press	2
../Core/Src/main.c:510:6:onFOVOUT_Button_Press	2
../Core/Src/main.c:516:6:onJOYSTICK_TRACK_Button_Press	3
../Core/Src/main.c:524:6:onAI_TRACKING_Button_Press	3
../Core/Src/main.c:531:6:onTRACKING_SEARCH_Button_Press	3
../Core/Src/main.c:539:6:onTRACKING_TEMPLATE_TOGGLE_Button_Press	3
../Core/Src/main.c:546:6:onLASERSINGLE_Button_Press	3
../Core/Src/main.c:553:6:onLASERCONT_Button_Press	3
../Core/Src/main.c:560:6:onLASER_ZOOM_IN_Button_Press	2
../Core/Src/main.c:566:6:onLASER_ZOOM_OUT_Button_Press	2
../Core/Src/main.c:572:6:onTAKE_PICTURE_Button_Press	2
../Core/Src/main.c:578:6:onSTART_RECORD_Button_Press	2
../Core/Src/main.c:586:6:onSTOP_RECORD_Button_Press	2
../Core/Src/main.c:593:6:onPIC_RECORD_MODE_Button_Press	2
../Core/Src/main.c:600:6:onIMAGE_SENSOR_CHANGE_Button_Press	2
../Core/Src/main.c:606:6:onIR_POLARITY_Button_Press	2
../Core/Src/main.c:612:6:onIR_DZOOM_PLUS_Button_Press	2
../Core/Src/main.c:618:6:onIR_DZOOM_MINUS_Button_Press	2
../Core/Src/main.c:626:6:onNEAR_FAR_IR_Button_Press	2
../Core/Src/main.c:632:6:onEO_IMAGE_ON_OFF_Button_Press	2
../Core/Src/main.c:637:6:onIR_RAINBOW_Button_Press	2
../Core/Src/main.c:646:13:Send_Hello	1
../Core/Src/main.c:657:6:HAL_UART_RxCpltCallback	17
../Core/Src/main.c:712:13:Process_Incoming_Status	3
../Core/Src/main.c:733:13:Update_Menu_LEDs	1
../Core/Src/main.c:742:13:Poll_Debounced	3
../Core/Src/main.c:754:20:Set_LED_From_Bit	1
../Core/Src/main.c:761:20:Set_LED_From_Payload_Bit	1
../Core/Src/main.c:767:13:Hello_mode_On	1
../Core/Src/main.c:780:13:Hello_mode_off	1
../Core/Src/main.c:799:13:Update_Button_LEDs	4
../Core/Src/main.c:836:5:main	9
../Core/Src/main.c:1037:6:SystemClock_Config	4
../Core/Src/main.c:1093:13:MX_ADC3_Init	6
../Core/Src/main.c:1172:13:MX_SPI1_Init	3
../Core/Src/main.c:1229:13:MX_USART2_UART_Init	2
../Core/Src/main.c:1262:13:MX_DMA_Init	1
../Core/Src/main.c:1280:13:MX_GPIO_Init	1
../Core/Src/main.c:1383:6:MPU_Config	1
../Core/Src/main.c:1414:6:Error_Handler	1
