../Core/Src/main.c:171:16:tlv_crc8	24	static
../Core/Src/main.c:178:16:TLV_Send	32	static
../Core/Src/main.c:198:16:Button_Is_Pressed	24	static
../Core/Src/main.c:208:6:Test_Loop	16	static
../Core/Src/main.c:222:10:ADC_Read_Channel	40	static
../Core/Src/main.c:252:13:Debounce_Update	32	static
../Core/Src/main.c:265:13:Debounce_Sample_All	24	static
../Core/Src/main.c:286:6:onARM_Button_Press	4	static
../Core/Src/main.c:292:6:onMenuSelect_Button_Press	4	static
../Core/Src/main.c:307:6:onAuto_Button_Press	4	static
../Core/Src/main.c:332:6:onAI_JOYSTICK_TRACK_Button_Press	4	static
../Core/Src/main.c:340:6:onAI_TRACKING_Button_Press	4	static
../Core/Src/main.c:348:6:onTRACKING_START_STOP_Button_Press	4	static
../Core/Src/main.c:358:6:onLASERSINGLE_Button_Press	4	static
../Core/Src/main.c:367:6:onLASERCONT_Button_Press	4	static
../Core/Src/main.c:375:6:onLASER_Button_Press	4	static
../Core/Src/main.c:383:6:onVIDEOIP_Button_Press	4	static
../Core/Src/main.c:390:6:onFocusIn_Button_Press	4	static
../Core/Src/main.c:396:6:onFocusOut_Button_Press	4	static
../Core/Src/main.c:404:6:onZoomIn_Button_Press	4	static
../Core/Src/main.c:410:6:onZoomOUT_Button_Press	4	static
../Core/Src/main.c:417:6:onWideIn_Button_Press	4	static
../Core/Src/main.c:423:6:onWideOUT_Button_Press	4	static
../Core/Src/main.c:432:13:Update_Menu_LEDs	8	static
../Core/Src/main.c:446:13:Poll_Debounced	32	static
../Core/Src/main.c:458:20:Set_LED_From_Bit	16	static
../Core/Src/main.c:464:20:Set_LED_Off	16	static
../Core/Src/main.c:472:13:Update_Button_LEDs	8	static
../Core/Src/main.c:510:5:main	16	static
../Core/Src/main.c:572:6:SystemClock_Config	88	static
../Core/Src/main.c:627:13:MX_ADC3_Init	24	static
../Core/Src/main.c:706:13:MX_SPI1_Init	8	static
../Core/Src/main.c:746:13:MX_USART2_UART_Init	8	static
../Core/Src/main.c:779:13:MX_DMA_Init	16	static
../Core/Src/main.c:797:13:MX_GPIO_Init	56	static
../Core/Src/main.c:900:6:MPU_Config	24	static
../Core/Src/main.c:931:6:Error_Handler	4	static,ignoring_inline_asm
