../Core/Src/main.c:145:16:tlv_crc8	24	static
../Core/Src/main.c:152:16:TLV_Send	32	static
../Core/Src/main.c:172:16:Button_Is_Pressed	24	static
../Core/Src/main.c:182:6:Test_Loop	16	static
../Core/Src/main.c:196:10:ADC_Read_Channel	40	static
../Core/Src/main.c:222:20:set_bit_from_pin	32	static
../Core/Src/main.c:232:23:debounce_check	16	static
../Core/Src/main.c:239:6:onARM_Button_Press	4	static
../Core/Src/main.c:245:6:onMenuSelect_Button_Press	4	static
../Core/Src/main.c:260:6:onAuto_Button_Press	4	static
../Core/Src/main.c:266:6:onAutoLand_Button_Press	4	static
../Core/Src/main.c:295:6:onAI_JOYSTICK_TRACK_Button_Press	4	static
../Core/Src/main.c:302:6:onAI_TRACKING_Button_Press	4	static
../Core/Src/main.c:309:6:onTRACKING_START_STOP_Button_Press	4	static
../Core/Src/main.c:319:6:onLASERSINGLE_Button_Press	4	static
../Core/Src/main.c:327:6:onLASERCONT_Button_Press	4	static
../Core/Src/main.c:334:6:onLASER_Button_Press	4	static
../Core/Src/main.c:342:6:onVIDEOIP_Button_Press	4	static
../Core/Src/main.c:349:6:onFocusIn_Button_Press	4	static
../Core/Src/main.c:355:6:onFocusOut_Button_Press	4	static
../Core/Src/main.c:363:6:onZoomIn_Button_Press	4	static
../Core/Src/main.c:369:6:onZoomOUT_Button_Press	4	static
../Core/Src/main.c:376:6:onWideIn_Button_Press	4	static
../Core/Src/main.c:382:6:onWideOUT_Button_Press	4	static
../Core/Src/main.c:390:20:Set_LED_From_Bit	16	static
../Core/Src/main.c:396:20:Set_LED_Off	16	static
../Core/Src/main.c:404:13:Update_Button_LEDs	8	static
../Core/Src/main.c:440:13:Update_Menu_LEDs	8	static
../Core/Src/main.c:447:13:poll_button	32	static
../Core/Src/main.c:467:5:main	48	static
../Core/Src/main.c:627:6:SystemClock_Config	88	static
../Core/Src/main.c:682:13:MX_ADC3_Init	24	static
../Core/Src/main.c:761:13:MX_USART2_UART_Init	8	static
../Core/Src/main.c:796:13:MX_GPIO_Init	56	static
../Core/Src/main.c:899:6:MPU_Config	24	static
../Core/Src/main.c:930:6:Error_Handler	4	static,ignoring_inline_asm
