../Core/Src/main.c:135:16:tlv_crc8	24	static
../Core/Src/main.c:142:16:TLV_Send	32	static
../Core/Src/main.c:162:16:Button_Is_Pressed	24	static
../Core/Src/main.c:172:6:Test_Loop	16	static
../Core/Src/main.c:186:10:ADC_Read_Channel	40	static
../Core/Src/main.c:212:20:set_bit_from_pin	32	static
../Core/Src/main.c:222:23:debounce_check	16	static
../Core/Src/main.c:229:6:onARM_Button_Press	4	static
../Core/Src/main.c:235:6:onManual_Button_Press	4	static
../Core/Src/main.c:241:6:onAuto_Button_Press	4	static
../Core/Src/main.c:247:6:onAutoLand_Button_Press	4	static
../Core/Src/main.c:253:6:onSpeedUp_Button_Press	4	static
../Core/Src/main.c:259:6:onSpeedDown_Button_Press	4	static
../Core/Src/main.c:265:6:onZoomIn_Button_Press	4	static
../Core/Src/main.c:271:6:onZoomOUT_Button_Press	4	static
../Core/Src/main.c:278:6:onWideIn_Button_Press	4	static
../Core/Src/main.c:284:6:onWideOUT_Button_Press	4	static
../Core/Src/main.c:291:13:poll_button	32	static
../Core/Src/main.c:311:5:main	48	static
../Core/Src/main.c:446:6:SystemClock_Config	88	static
../Core/Src/main.c:501:13:MX_ADC3_Init	24	static
../Core/Src/main.c:580:13:MX_USART2_UART_Init	8	static
../Core/Src/main.c:615:13:MX_GPIO_Init	56	static
../Core/Src/main.c:718:6:MPU_Config	24	static
../Core/Src/main.c:749:6:Error_Handler	4	static,ignoring_inline_asm
