../Core/Src/main.c:173:16:tlv_crc8	2
../Core/Src/main.c:180:16:TLV_Send	2
../Core/Src/main.c:200:16:Button_Is_Pressed	2
../Core/Src/main.c:210:6:Test_Loop	4
../Core/Src/main.c:224:10:ADC_Read_Channel	2
../Core/Src/main.c:261:13:Debounce_Update	3
../Core/Src/main.c:274:13:Debounce_Sample_All	2
../Core/Src/main.c:282:23:Debounced_Is_Pressed	2
../Core/Src/main.c:289:20:Set_Bit_From_Debounced	2
../Core/Src/main.c:295:6:onARM_Button_Press	2
../Core/Src/main.c:301:6:onMenuSelect_Button_Press	2
../Core/Src/main.c:316:6:onAuto_Button_Press	2
../Core/Src/main.c:341:6:onAI_JOYSTICK_TRACK_Button_Press	3
../Core/Src/main.c:349:6:onAI_TRACKING_Button_Press	3
../Core/Src/main.c:357:6:onTRACKING_START_STOP_Button_Press	2
../Core/Src/main.c:367:6:onLASERSINGLE_Button_Press	3
../Core/Src/main.c:376:6:onLASERCONT_Button_Press	3
../Core/Src/main.c:384:6:onLASER_Button_Press	2
../Core/Src/main.c:392:6:onVIDEOIP_Button_Press	2
../Core/Src/main.c:399:6:onFocusIn_Button_Press	2
../Core/Src/main.c:405:6:onFocusOut_Button_Press	2
../Core/Src/main.c:413:6:onZoomIn_Button_Press	2
../Core/Src/main.c:419:6:onZoomOUT_Button_Press	2
../Core/Src/main.c:426:6:onWideIn_Button_Press	2
../Core/Src/main.c:432:6:onWideOUT_Button_Press	2
../Core/Src/main.c:441:13:Update_Menu_LEDs	4
../Core/Src/main.c:459:13:Poll_Debounced	3
../Core/Src/main.c:471:20:Set_LED_From_Bit	1
../Core/Src/main.c:477:20:Set_LED_Off	1
../Core/Src/main.c:485:13:Update_Button_LEDs	4
../Core/Src/main.c:523:5:main	6
../Core/Src/main.c:677:6:SystemClock_Config	4
../Core/Src/main.c:732:13:MX_ADC3_Init	6
../Core/Src/main.c:811:13:MX_SPI1_Init	2
../Core/Src/main.c:851:13:MX_USART2_UART_Init	2
../Core/Src/main.c:884:13:MX_DMA_Init	1
../Core/Src/main.c:902:13:MX_GPIO_Init	1
../Core/Src/main.c:1005:6:MPU_Config	1
../Core/Src/main.c:1036:6:Error_Handler	1
