../Core/Src/main.c:147:16:tlv_crc8	24	static
../Core/Src/main.c:154:16:TLV_Send	32	static
../Core/Src/main.c:174:16:Button_Is_Pressed	24	static
../Core/Src/main.c:184:6:Test_Loop	16	static
../Core/Src/main.c:198:10:ADC_Read_Channel	40	static
../Core/Src/main.c:224:20:set_bit_from_pin	32	static
../Core/Src/main.c:234:23:debounce_check	16	static
../Core/Src/main.c:241:6:onARM_Button_Press	4	static
../Core/Src/main.c:247:6:onMenuSelect_Button_Press	4	static
../Core/Src/main.c:262:6:onAuto_Button_Press	4	static
../Core/Src/main.c:268:6:onAutoLand_Button_Press	4	static
../Core/Src/main.c:297:6:onAI_JOYSTICK_TRACK_Button_Press	4	static
../Core/Src/main.c:304:6:onAI_TRACKING_Button_Press	4	static
../Core/Src/main.c:311:6:onTRACKING_START_STOP_Button_Press	4	static
../Core/Src/main.c:321:6:onLASERSINGLE_Button_Press	4	static
../Core/Src/main.c:329:6:onLASERCONT_Button_Press	4	static
../Core/Src/main.c:336:6:onLASER_Button_Press	4	static
../Core/Src/main.c:344:6:onVIDEOIP_Button_Press	4	static
../Core/Src/main.c:351:6:onFocusIn_Button_Press	4	static
../Core/Src/main.c:357:6:onFocusOut_Button_Press	4	static
../Core/Src/main.c:365:6:onZoomIn_Button_Press	4	static
../Core/Src/main.c:371:6:onZoomOUT_Button_Press	4	static
../Core/Src/main.c:378:6:onWideIn_Button_Press	4	static
../Core/Src/main.c:384:6:onWideOUT_Button_Press	4	static
../Core/Src/main.c:393:13:Update_Menu_LEDs	8	static
../Core/Src/main.c:402:13:poll_button	32	static
../Core/Src/main.c:417:20:Set_LED_From_Bit	16	static
../Core/Src/main.c:423:20:Set_LED_Off	16	static
../Core/Src/main.c:431:13:Update_Button_LEDs	8	static
../Core/Src/main.c:470:5:main	48	static
../Core/Src/main.c:625:6:SystemClock_Config	88	static
../Core/Src/main.c:680:13:MX_ADC3_Init	24	static
../Core/Src/main.c:759:13:MX_USART2_UART_Init	8	static
../Core/Src/main.c:794:13:MX_GPIO_Init	56	static
../Core/Src/main.c:897:6:MPU_Config	24	static
../Core/Src/main.c:928:6:Error_Handler	4	static,ignoring_inline_asm
